23:53:01 **** Build of project aes_bsp ****
make -k all 
"Running Make include in microblaze_0/libsrc/aes_v1_0/src"
make -C microblaze_0/libsrc/aes_v1_0/src -s include  "SHELL=CMD" "COMPILER=mb-gcc" "ARCHIVER=mb-ar" "COMPILER_FLAGS= -O2 -c -mcpu=v10.0 -mlittle-endian -mxl-soft-mul" "EXTRA_COMPILER_FLAGS=-ffunction-sections -fdata-sections -Wall -Wextra"
"Running Make include in microblaze_0/libsrc/bram_v4_2/src"
make -C microblaze_0/libsrc/bram_v4_2/src -s include  "SHELL=CMD" "COMPILER=mb-gcc" "ARCHIVER=mb-ar" "COMPILER_FLAGS= -O2 -c -mcpu=v10.0 -mlittle-endian -mxl-soft-mul" "EXTRA_COMPILER_FLAGS=-ffunction-sections -fdata-sections -Wall -Wextra"
"Running Make include in microblaze_0/libsrc/cpu_v2_6/src"
make -C microblaze_0/libsrc/cpu_v2_6/src -s include  "SHELL=CMD" "COMPILER=mb-gcc" "ARCHIVER=mb-ar" "COMPILER_FLAGS= -O2 -c -mcpu=v10.0 -mlittle-endian -mxl-soft-mul" "EXTRA_COMPILER_FLAGS=-ffunction-sections -fdata-sections -Wall -Wextra"
"Running Make include in microblaze_0/libsrc/standalone_v6_5/src"
make -C microblaze_0/libsrc/standalone_v6_5/src -s include  "SHELL=CMD" "COMPILER=mb-gcc" "ARCHIVER=mb-ar" "COMPILER_FLAGS= -O2 -c -mcpu=v10.0 -mlittle-endian -mxl-soft-mul" "EXTRA_COMPILER_FLAGS=-ffunction-sections -fdata-sections -Wall -Wextra"
"Running Make include in microblaze_0/libsrc/uartlite_v3_2/src"
make -C microblaze_0/libsrc/uartlite_v3_2/src -s include  "SHELL=CMD" "COMPILER=mb-gcc" "ARCHIVER=mb-ar" "COMPILER_FLAGS= -O2 -c -mcpu=v10.0 -mlittle-endian -mxl-soft-mul" "EXTRA_COMPILER_FLAGS=-ffunction-sections -fdata-sections -Wall -Wextra"
"Running Make libs in microblaze_0/libsrc/aes_v1_0/src"
make -C microblaze_0/libsrc/aes_v1_0/src -s libs  "SHELL=CMD" "COMPILER=mb-gcc" "ARCHIVER=mb-ar" "COMPILER_FLAGS= -O2 -c -mcpu=v10.0 -mlittle-endian -mxl-soft-mul" "EXTRA_COMPILER_FLAGS=-ffunction-sections -fdata-sections -Wall -Wextra"
"Compiling aes..."
aes_selftest.c: In function 'AES_Reg_SelfTest':
aes_selftest.c:52:52: warning: comparison between signed and unsigned integer expressions [-Wsign-compare]
    if ( AES_mReadReg (baseaddr, read_loop_index*4) != (read_loop_index+1)*READ_WRITE_MUL_FACTOR){
                                                    ^~
aes_selftest.c:36:6: warning: unused variable 'Index' [-Wunused-variable]
  int Index;
      ^~~~~
mb-ar: creating ../../../lib/libxil.a
"Running Make libs in microblaze_0/libsrc/bram_v4_2/src"
make -C microblaze_0/libsrc/bram_v4_2/src -s libs  "SHELL=CMD" "COMPILER=mb-gcc" "ARCHIVER=mb-ar" "COMPILER_FLAGS= -O2 -c -mcpu=v10.0 -mlittle-endian -mxl-soft-mul" "EXTRA_COMPILER_FLAGS=-ffunction-sections -fdata-sections -Wall -Wextra"
"Compiling bram"
"Running Make libs in microblaze_0/libsrc/cpu_v2_6/src"
make -C microblaze_0/libsrc/cpu_v2_6/src -s libs  "SHELL=CMD" "COMPILER=mb-gcc" "ARCHIVER=mb-ar" "COMPILER_FLAGS= -O2 -c -mcpu=v10.0 -mlittle-endian -mxl-soft-mul" "EXTRA_COMPILER_FLAGS=-ffunction-sections -fdata-sections -Wall -Wextra"
"Compiling cpu"
"Running Make libs in microblaze_0/libsrc/standalone_v6_5/src"
make -C microblaze_0/libsrc/standalone_v6_5/src -s libs  "SHELL=CMD" "COMPILER=mb-gcc" "ARCHIVER=mb-ar" "COMPILER_FLAGS= -O2 -c -mcpu=v10.0 -mlittle-endian -mxl-soft-mul" "EXTRA_COMPILER_FLAGS=-ffunction-sections -fdata-sections -Wall -Wextra"
"Compiling standalone";
"Running Make libs in microblaze_0/libsrc/uartlite_v3_2/src"
make -C microblaze_0/libsrc/uartlite_v3_2/src -s libs  "SHELL=CMD" "COMPILER=mb-gcc" "ARCHIVER=mb-ar" "COMPILER_FLAGS= -O2 -c -mcpu=v10.0 -mlittle-endian -mxl-soft-mul" "EXTRA_COMPILER_FLAGS=-ffunction-sections -fdata-sections -Wall -Wextra"
"Compiling uartlite"
'Finished building libraries'
23:53:09 **** Build of configuration Debug for project aes ****
make all 
'Building file: ../src/helloworld.c'
'Invoking: MicroBlaze gcc compiler'
mb-gcc -Wall -O0 -g3 -c -fmessage-length=0 -MT"src/helloworld.o" -I../../aes_bsp/microblaze_0/include -mlittle-endian -mcpu=v10.0 -mxl-soft-mul -Wl,--no-relax -ffunction-sections -fdata-sections -MMD -MP -MF"src/helloworld.d" -MT"src/helloworld.o" -o "src/helloworld.o" "../src/helloworld.c"
'Finished building: ../src/helloworld.c'
' '
'Building file: ../src/platform.c'
'Invoking: MicroBlaze gcc compiler'
mb-gcc -Wall -O0 -g3 -c -fmessage-length=0 -MT"src/platform.o" -I../../aes_bsp/microblaze_0/include -mlittle-endian -mcpu=v10.0 -mxl-soft-mul -Wl,--no-relax -ffunction-sections -fdata-sections -MMD -MP -MF"src/platform.d" -MT"src/platform.o" -o "src/platform.o" "../src/platform.c"
'Finished building: ../src/platform.c'
' '
'Building target: aes.elf'
'Invoking: MicroBlaze gcc linker'
mb-gcc -Wl,-T -Wl,../src/lscript.ld -L../../aes_bsp/microblaze_0/lib -mlittle-endian -mcpu=v10.0 -mxl-soft-mul -Wl,--no-relax -Wl,--gc-sections -o "aes.elf"  ./src/helloworld.o ./src/platform.o   -Wl,--start-group,-lxil,-lgcc,-lc,--end-group
'Finished building target: aes.elf'
' '
'Invoking: MicroBlaze Print Size'
mb-size aes.elf  |tee "aes.elf.size"
   text	   data	    bss	    dec	    hex	filename
   2748	    268	   3112	   6128	   17f0	aes.elf
'Finished building: aes.elf.size'
' '
23:53:13 **** Auto Build of configuration Debug for project aes ****
make all 
'Building file: ../src/helloworld.c'
'Invoking: MicroBlaze gcc compiler'
mb-gcc -Wall -O0 -g3 -c -fmessage-length=0 -MT"src/helloworld.o" -I../../aes_bsp/microblaze_0/include -mlittle-endian -mcpu=v10.0 -mxl-soft-mul -Wl,--no-relax -ffunction-sections -fdata-sections -MMD -MP -MF"src/helloworld.d" -MT"src/helloworld.o" -o "src/helloworld.o" "../src/helloworld.c"
'Finished building: ../src/helloworld.c'
' '
'Building target: aes.elf'
'Invoking: MicroBlaze gcc linker'
mb-gcc -Wl,-T -Wl,../src/lscript.ld -L../../aes_bsp/microblaze_0/lib -mlittle-endian -mcpu=v10.0 -mxl-soft-mul -Wl,--no-relax -Wl,--gc-sections -o "aes.elf"  ./src/helloworld.o ./src/platform.o   -Wl,--start-group,-lxil,-lgcc,-lc,--end-group
'Finished building target: aes.elf'
' '
'Invoking: MicroBlaze Print Size'
mb-size aes.elf  |tee "aes.elf.size"
   text	   data	    bss	    dec	    hex	filename
   6760	    272	   3104	  10136	   2798	aes.elf
'Finished building: aes.elf.size'
' '
23:55:29 **** Incremental Build of configuration Debug for project aes ****
make all 
make: Nothing to be done for `all'.
00:36:07 **** Clean-only build of project aes_bsp ****
make -k clean 
make -C microblaze_0/libsrc/aes_v1_0/src -s clean 
rm: lstat．*.o・ア英: Invalid argument
make[1]: *** [clean] Error 1
make: *** [microblaze_0/libsrc/aes_v1_0/src/make.clean] Error 2
make -C microblaze_0/libsrc/bram_v4_2/src -s clean 
make -C microblaze_0/libsrc/cpu_v2_6/src -s clean 
make -C microblaze_0/libsrc/standalone_v6_5/src -s clean 
make -C microblaze_0/libsrc/uartlite_v3_2/src -s clean 
make: Target `clean' not remade because of errors.
00:36:08 **** Clean-only build of configuration Debug for project aes ****
make clean 
rm -rf  ./src/helloworld.o ./src/platform.o  ./src/helloworld.d ./src/platform.d  aes.elf.size  aes.elf
' '
00:36:09 **** Build of project aes_bsp ****
make -k all 
"Running Make include in microblaze_0/libsrc/aes_v1_0/src"
make -C microblaze_0/libsrc/aes_v1_0/src -s include  "SHELL=CMD" "COMPILER=mb-gcc" "ARCHIVER=mb-ar" "COMPILER_FLAGS= -O2 -c -mcpu=v10.0 -mlittle-endian -mxl-soft-mul" "EXTRA_COMPILER_FLAGS=-ffunction-sections -fdata-sections -Wall -Wextra"
"Running Make include in microblaze_0/libsrc/bram_v4_2/src"
make -C microblaze_0/libsrc/bram_v4_2/src -s include  "SHELL=CMD" "COMPILER=mb-gcc" "ARCHIVER=mb-ar" "COMPILER_FLAGS= -O2 -c -mcpu=v10.0 -mlittle-endian -mxl-soft-mul" "EXTRA_COMPILER_FLAGS=-ffunction-sections -fdata-sections -Wall -Wextra"
"Running Make include in microblaze_0/libsrc/cpu_v2_6/src"
make -C microblaze_0/libsrc/cpu_v2_6/src -s include  "SHELL=CMD" "COMPILER=mb-gcc" "ARCHIVER=mb-ar" "COMPILER_FLAGS= -O2 -c -mcpu=v10.0 -mlittle-endian -mxl-soft-mul" "EXTRA_COMPILER_FLAGS=-ffunction-sections -fdata-sections -Wall -Wextra"
"Running Make include in microblaze_0/libsrc/standalone_v6_5/src"
make -C microblaze_0/libsrc/standalone_v6_5/src -s include  "SHELL=CMD" "COMPILER=mb-gcc" "ARCHIVER=mb-ar" "COMPILER_FLAGS= -O2 -c -mcpu=v10.0 -mlittle-endian -mxl-soft-mul" "EXTRA_COMPILER_FLAGS=-ffunction-sections -fdata-sections -Wall -Wextra"
"Running Make include in microblaze_0/libsrc/uartlite_v3_2/src"
make -C microblaze_0/libsrc/uartlite_v3_2/src -s include  "SHELL=CMD" "COMPILER=mb-gcc" "ARCHIVER=mb-ar" "COMPILER_FLAGS= -O2 -c -mcpu=v10.0 -mlittle-endian -mxl-soft-mul" "EXTRA_COMPILER_FLAGS=-ffunction-sections -fdata-sections -Wall -Wextra"
"Running Make libs in microblaze_0/libsrc/aes_v1_0/src"
make -C microblaze_0/libsrc/aes_v1_0/src -s libs  "SHELL=CMD" "COMPILER=mb-gcc" "ARCHIVER=mb-ar" "COMPILER_FLAGS= -O2 -c -mcpu=v10.0 -mlittle-endian -mxl-soft-mul" "EXTRA_COMPILER_FLAGS=-ffunction-sections -fdata-sections -Wall -Wextra"
"Compiling aes..."
aes_selftest.c: In function 'AES_Reg_SelfTest':
aes_selftest.c:52:52: warning: comparison between signed and unsigned integer expressions [-Wsign-compare]
    if ( AES_mReadReg (baseaddr, read_loop_index*4) != (read_loop_index+1)*READ_WRITE_MUL_FACTOR){
                                                    ^~
aes_selftest.c:36:6: warning: unused variable 'Index' [-Wunused-variable]
  int Index;
      ^~~~~
mb-ar: creating ../../../lib/libxil.a
"Running Make libs in microblaze_0/libsrc/bram_v4_2/src"
make -C microblaze_0/libsrc/bram_v4_2/src -s libs  "SHELL=CMD" "COMPILER=mb-gcc" "ARCHIVER=mb-ar" "COMPILER_FLAGS= -O2 -c -mcpu=v10.0 -mlittle-endian -mxl-soft-mul" "EXTRA_COMPILER_FLAGS=-ffunction-sections -fdata-sections -Wall -Wextra"
"Compiling bram"
"Running Make libs in microblaze_0/libsrc/cpu_v2_6/src"
make -C microblaze_0/libsrc/cpu_v2_6/src -s libs  "SHELL=CMD" "COMPILER=mb-gcc" "ARCHIVER=mb-ar" "COMPILER_FLAGS= -O2 -c -mcpu=v10.0 -mlittle-endian -mxl-soft-mul" "EXTRA_COMPILER_FLAGS=-ffunction-sections -fdata-sections -Wall -Wextra"
"Compiling cpu"
"Running Make libs in microblaze_0/libsrc/standalone_v6_5/src"
make -C microblaze_0/libsrc/standalone_v6_5/src -s libs  "SHELL=CMD" "COMPILER=mb-gcc" "ARCHIVER=mb-ar" "COMPILER_FLAGS= -O2 -c -mcpu=v10.0 -mlittle-endian -mxl-soft-mul" "EXTRA_COMPILER_FLAGS=-ffunction-sections -fdata-sections -Wall -Wextra"
"Compiling standalone";
"Running Make libs in microblaze_0/libsrc/uartlite_v3_2/src"
make -C microblaze_0/libsrc/uartlite_v3_2/src -s libs  "SHELL=CMD" "COMPILER=mb-gcc" "ARCHIVER=mb-ar" "COMPILER_FLAGS= -O2 -c -mcpu=v10.0 -mlittle-endian -mxl-soft-mul" "EXTRA_COMPILER_FLAGS=-ffunction-sections -fdata-sections -Wall -Wextra"
"Compiling uartlite"
'Finished building libraries'
00:36:17 **** Build of configuration Debug for project aes ****
make all 
'Building file: ../src/helloworld.c'
'Invoking: MicroBlaze gcc compiler'
mb-gcc -Wall -O0 -g3 -c -fmessage-length=0 -MT"src/helloworld.o" -I../../aes_bsp/microblaze_0/include -mlittle-endian -mcpu=v10.0 -mxl-soft-mul -Wl,--no-relax -ffunction-sections -fdata-sections -MMD -MP -MF"src/helloworld.d" -MT"src/helloworld.o" -o "src/helloworld.o" "../src/helloworld.c"
'Finished building: ../src/helloworld.c'
' '
'Building file: ../src/platform.c'
'Invoking: MicroBlaze gcc compiler'
mb-gcc -Wall -O0 -g3 -c -fmessage-length=0 -MT"src/platform.o" -I../../aes_bsp/microblaze_0/include -mlittle-endian -mcpu=v10.0 -mxl-soft-mul -Wl,--no-relax -ffunction-sections -fdata-sections -MMD -MP -MF"src/platform.d" -MT"src/platform.o" -o "src/platform.o" "../src/platform.c"
'Finished building: ../src/platform.c'
' '
'Building target: aes.elf'
'Invoking: MicroBlaze gcc linker'
mb-gcc -Wl,-T -Wl,../src/lscript.ld -L../../aes_bsp/microblaze_0/lib -mlittle-endian -mcpu=v10.0 -mxl-soft-mul -Wl,--no-relax -Wl,--gc-sections -o "aes.elf"  ./src/helloworld.o ./src/platform.o   -Wl,--start-group,-lxil,-lgcc,-lc,--end-group
'Finished building target: aes.elf'
' '
'Invoking: MicroBlaze Print Size'
mb-size aes.elf  |tee "aes.elf.size"
   text	   data	    bss	    dec	    hex	filename
   6760	    272	   3104	  10136	   2798	aes.elf
'Finished building: aes.elf.size'
' '
00:37:13 **** Incremental Build of configuration Debug for project aes ****
make all 
make: Nothing to be done for `all'.
00:38:29 **** Incremental Build of configuration Debug for project aes ****
make all 
make: Nothing to be done for `all'.
00:38:41 **** Incremental Build of configuration Debug for project aes ****
make all 
make: Nothing to be done for `all'.
00:38:48 **** Incremental Build of configuration Debug for project aes ****
make all 
make: Nothing to be done for `all'.
00:39:17 **** Incremental Build of configuration Debug for project aes ****
make all 
make: Nothing to be done for `all'.
00:40:52 **** Auto Build of configuration Debug for project aes ****
make all 
'Building file: ../src/helloworld.c'
'Invoking: MicroBlaze gcc compiler'
mb-gcc -Wall -O0 -g3 -c -fmessage-length=0 -MT"src/helloworld.o" -I../../aes_bsp/microblaze_0/include -mlittle-endian -mcpu=v10.0 -mxl-soft-mul -Wl,--no-relax -ffunction-sections -fdata-sections -MMD -MP -MF"src/helloworld.d" -MT"src/helloworld.o" -o "src/helloworld.o" "../src/helloworld.c"
../src/helloworld.c: In function 'main':
../src/helloworld.c:83:5: error: 'temp0' undeclared (first use in this function)
     temp0=Xil_In32(IP_ADDR+0x20);
     ^~~~~
../src/helloworld.c:83:5: note: each undeclared identifier is reported only once for each function it appears in
../src/helloworld.c:84:5: error: 'temp1' undeclared (first use in this function)
     temp1=Xil_In32(IP_ADDR+0x24);
     ^~~~~
../src/helloworld.c:85:5: error: 'temp2' undeclared (first use in this function)
     temp2=Xil_In32(IP_ADDR+0x28);
     ^~~~~
../src/helloworld.c:86:5: error: 'temp3' undeclared (first use in this function)
     temp3=Xil_In32(IP_ADDR+0x2c);
     ^~~~~
make: *** [src/helloworld.o] Error 1
00:41:22 **** Auto Build of configuration Debug for project aes ****
make all 
'Building file: ../src/helloworld.c'
'Invoking: MicroBlaze gcc compiler'
mb-gcc -Wall -O0 -g3 -c -fmessage-length=0 -MT"src/helloworld.o" -I../../aes_bsp/microblaze_0/include -mlittle-endian -mcpu=v10.0 -mxl-soft-mul -Wl,--no-relax -ffunction-sections -fdata-sections -MMD -MP -MF"src/helloworld.d" -MT"src/helloworld.o" -o "src/helloworld.o" "../src/helloworld.c"
'Finished building: ../src/helloworld.c'
' '
'Building target: aes.elf'
'Invoking: MicroBlaze gcc linker'
mb-gcc -Wl,-T -Wl,../src/lscript.ld -L../../aes_bsp/microblaze_0/lib -mlittle-endian -mcpu=v10.0 -mxl-soft-mul -Wl,--no-relax -Wl,--gc-sections -o "aes.elf"  ./src/helloworld.o ./src/platform.o   -Wl,--start-group,-lxil,-lgcc,-lc,--end-group
'Finished building target: aes.elf'
' '
'Invoking: MicroBlaze Print Size'
mb-size aes.elf  |tee "aes.elf.size"
   text	   data	    bss	    dec	    hex	filename
   6916	    272	   3108	  10296	   2838	aes.elf
'Finished building: aes.elf.size'
' '
00:41:27 **** Incremental Build of configuration Debug for project aes ****
make all 
make: Nothing to be done for `all'.
00:41:49 **** Auto Build of configuration Debug for project aes ****
make all 
'Building file: ../src/helloworld.c'
'Invoking: MicroBlaze gcc compiler'
mb-gcc -Wall -O0 -g3 -c -fmessage-length=0 -MT"src/helloworld.o" -I../../aes_bsp/microblaze_0/include -mlittle-endian -mcpu=v10.0 -mxl-soft-mul -Wl,--no-relax -ffunction-sections -fdata-sections -MMD -MP -MF"src/helloworld.d" -MT"src/helloworld.o" -o "src/helloworld.o" "../src/helloworld.c"
'Finished building: ../src/helloworld.c'
' '
'Building target: aes.elf'
'Invoking: MicroBlaze gcc linker'
mb-gcc -Wl,-T -Wl,../src/lscript.ld -L../../aes_bsp/microblaze_0/lib -mlittle-endian -mcpu=v10.0 -mxl-soft-mul -Wl,--no-relax -Wl,--gc-sections -o "aes.elf"  ./src/helloworld.o ./src/platform.o   -Wl,--start-group,-lxil,-lgcc,-lc,--end-group
'Finished building target: aes.elf'
' '
'Invoking: MicroBlaze Print Size'
mb-size aes.elf  |tee "aes.elf.size"
   text	   data	    bss	    dec	    hex	filename
   6916	    272	   3108	  10296	   2838	aes.elf
'Finished building: aes.elf.size'
' '
00:41:53 **** Incremental Build of configuration Debug for project aes ****
make all 
make: Nothing to be done for `all'.
00:42:39 **** Auto Build of configuration Debug for project aes ****
make all 
'Building file: ../src/helloworld.c'
'Invoking: MicroBlaze gcc compiler'
mb-gcc -Wall -O0 -g3 -c -fmessage-length=0 -MT"src/helloworld.o" -I../../aes_bsp/microblaze_0/include -mlittle-endian -mcpu=v10.0 -mxl-soft-mul -Wl,--no-relax -ffunction-sections -fdata-sections -MMD -MP -MF"src/helloworld.d" -MT"src/helloworld.o" -o "src/helloworld.o" "../src/helloworld.c"
'Finished building: ../src/helloworld.c'
' '
'Building target: aes.elf'
'Invoking: MicroBlaze gcc linker'
mb-gcc -Wl,-T -Wl,../src/lscript.ld -L../../aes_bsp/microblaze_0/lib -mlittle-endian -mcpu=v10.0 -mxl-soft-mul -Wl,--no-relax -Wl,--gc-sections -o "aes.elf"  ./src/helloworld.o ./src/platform.o   -Wl,--start-group,-lxil,-lgcc,-lc,--end-group
'Finished building target: aes.elf'
' '
'Invoking: MicroBlaze Print Size'
mb-size aes.elf  |tee "aes.elf.size"
   text	   data	    bss	    dec	    hex	filename
   6760	    272	   3104	  10136	   2798	aes.elf
'Finished building: aes.elf.size'
' '
00:43:42 **** Auto Build of configuration Debug for project aes ****
make all 
'Building file: ../src/helloworld.c'
'Invoking: MicroBlaze gcc compiler'
mb-gcc -Wall -O0 -g3 -c -fmessage-length=0 -MT"src/helloworld.o" -I../../aes_bsp/microblaze_0/include -mlittle-endian -mcpu=v10.0 -mxl-soft-mul -Wl,--no-relax -ffunction-sections -fdata-sections -MMD -MP -MF"src/helloworld.d" -MT"src/helloworld.o" -o "src/helloworld.o" "../src/helloworld.c"
'Finished building: ../src/helloworld.c'
' '
'Building target: aes.elf'
'Invoking: MicroBlaze gcc linker'
mb-gcc -Wl,-T -Wl,../src/lscript.ld -L../../aes_bsp/microblaze_0/lib -mlittle-endian -mcpu=v10.0 -mxl-soft-mul -Wl,--no-relax -Wl,--gc-sections -o "aes.elf"  ./src/helloworld.o ./src/platform.o   -Wl,--start-group,-lxil,-lgcc,-lc,--end-group
'Finished building target: aes.elf'
' '
'Invoking: MicroBlaze Print Size'
mb-size aes.elf  |tee "aes.elf.size"
   text	   data	    bss	    dec	    hex	filename
   6772	    272	   3108	  10152	   27a8	aes.elf
'Finished building: aes.elf.size'
' '
00:43:45 **** Incremental Build of configuration Debug for project aes ****
make all 
make: Nothing to be done for `all'.
00:44:02 **** Incremental Build of configuration Debug for project aes ****
make all 
make: Nothing to be done for `all'.
00:47:32 **** Incremental Build of configuration Debug for project aes ****
make all 
make: Nothing to be done for `all'.
00:50:38 **** Auto Build of configuration Debug for project aes ****
make all 
'Building file: ../src/helloworld.c'
'Invoking: MicroBlaze gcc compiler'
mb-gcc -Wall -O0 -g3 -c -fmessage-length=0 -MT"src/helloworld.o" -I../../aes_bsp/microblaze_0/include -mlittle-endian -mcpu=v10.0 -mxl-soft-mul -Wl,--no-relax -ffunction-sections -fdata-sections -MMD -MP -MF"src/helloworld.d" -MT"src/helloworld.o" -o "src/helloworld.o" "../src/helloworld.c"
'Finished building: ../src/helloworld.c'
' '
'Building target: aes.elf'
'Invoking: MicroBlaze gcc linker'
mb-gcc -Wl,-T -Wl,../src/lscript.ld -L../../aes_bsp/microblaze_0/lib -mlittle-endian -mcpu=v10.0 -mxl-soft-mul -Wl,--no-relax -Wl,--gc-sections -o "aes.elf"  ./src/helloworld.o ./src/platform.o   -Wl,--start-group,-lxil,-lgcc,-lc,--end-group
'Finished building target: aes.elf'
' '
'Invoking: MicroBlaze Print Size'
mb-size aes.elf  |tee "aes.elf.size"
   text	   data	    bss	    dec	    hex	filename
   6772	    272	   3108	  10152	   27a8	aes.elf
'Finished building: aes.elf.size'
' '
00:50:47 **** Incremental Build of configuration Debug for project aes ****
make all 
make: Nothing to be done for `all'.
00:51:03 **** Incremental Build of configuration Debug for project aes ****
make all 
make: Nothing to be done for `all'.
02:11:28 **** Clean-only build of project aes_bsp ****
make -k clean 
make -C microblaze_0/libsrc/aes_v1_0/src -s clean 
rm: lstat．*.o・ア英: Invalid argument
make[1]: *** [clean] Error 1
make: *** [microblaze_0/libsrc/aes_v1_0/src/make.clean] Error 2
make -C microblaze_0/libsrc/bram_v4_2/src -s clean 
make -C microblaze_0/libsrc/cpu_v2_6/src -s clean 
make -C microblaze_0/libsrc/standalone_v6_5/src -s clean 
make -C microblaze_0/libsrc/uartlite_v3_2/src -s clean 
make: Target `clean' not remade because of errors.
02:11:29 **** Clean-only build of configuration Debug for project aes ****
make clean 
rm -rf  ./src/helloworld.o ./src/platform.o  ./src/helloworld.d ./src/platform.d  aes.elf.size  aes.elf
' '
02:11:30 **** Build of project aes_bsp ****
make -k all 
"Running Make include in microblaze_0/libsrc/aes_v1_0/src"
make -C microblaze_0/libsrc/aes_v1_0/src -s include  "SHELL=CMD" "COMPILER=mb-gcc" "ARCHIVER=mb-ar" "COMPILER_FLAGS= -O2 -c -mcpu=v10.0 -mlittle-endian -mxl-soft-mul" "EXTRA_COMPILER_FLAGS=-ffunction-sections -fdata-sections -Wall -Wextra"
"Running Make include in microblaze_0/libsrc/bram_v4_2/src"
make -C microblaze_0/libsrc/bram_v4_2/src -s include  "SHELL=CMD" "COMPILER=mb-gcc" "ARCHIVER=mb-ar" "COMPILER_FLAGS= -O2 -c -mcpu=v10.0 -mlittle-endian -mxl-soft-mul" "EXTRA_COMPILER_FLAGS=-ffunction-sections -fdata-sections -Wall -Wextra"
"Running Make include in microblaze_0/libsrc/cpu_v2_6/src"
make -C microblaze_0/libsrc/cpu_v2_6/src -s include  "SHELL=CMD" "COMPILER=mb-gcc" "ARCHIVER=mb-ar" "COMPILER_FLAGS= -O2 -c -mcpu=v10.0 -mlittle-endian -mxl-soft-mul" "EXTRA_COMPILER_FLAGS=-ffunction-sections -fdata-sections -Wall -Wextra"
"Running Make include in microblaze_0/libsrc/standalone_v6_5/src"
make -C microblaze_0/libsrc/standalone_v6_5/src -s include  "SHELL=CMD" "COMPILER=mb-gcc" "ARCHIVER=mb-ar" "COMPILER_FLAGS= -O2 -c -mcpu=v10.0 -mlittle-endian -mxl-soft-mul" "EXTRA_COMPILER_FLAGS=-ffunction-sections -fdata-sections -Wall -Wextra"
"Running Make include in microblaze_0/libsrc/uartlite_v3_2/src"
make -C microblaze_0/libsrc/uartlite_v3_2/src -s include  "SHELL=CMD" "COMPILER=mb-gcc" "ARCHIVER=mb-ar" "COMPILER_FLAGS= -O2 -c -mcpu=v10.0 -mlittle-endian -mxl-soft-mul" "EXTRA_COMPILER_FLAGS=-ffunction-sections -fdata-sections -Wall -Wextra"
"Running Make libs in microblaze_0/libsrc/aes_v1_0/src"
make -C microblaze_0/libsrc/aes_v1_0/src -s libs  "SHELL=CMD" "COMPILER=mb-gcc" "ARCHIVER=mb-ar" "COMPILER_FLAGS= -O2 -c -mcpu=v10.0 -mlittle-endian -mxl-soft-mul" "EXTRA_COMPILER_FLAGS=-ffunction-sections -fdata-sections -Wall -Wextra"
"Compiling aes..."
aes_selftest.c: In function 'AES_Reg_SelfTest':
aes_selftest.c:52:52: warning: comparison between signed and unsigned integer expressions [-Wsign-compare]
    if ( AES_mReadReg (baseaddr, read_loop_index*4) != (read_loop_index+1)*READ_WRITE_MUL_FACTOR){
                                                    ^~
aes_selftest.c:36:6: warning: unused variable 'Index' [-Wunused-variable]
  int Index;
      ^~~~~
mb-ar: creating ../../../lib/libxil.a
"Running Make libs in microblaze_0/libsrc/bram_v4_2/src"
make -C microblaze_0/libsrc/bram_v4_2/src -s libs  "SHELL=CMD" "COMPILER=mb-gcc" "ARCHIVER=mb-ar" "COMPILER_FLAGS= -O2 -c -mcpu=v10.0 -mlittle-endian -mxl-soft-mul" "EXTRA_COMPILER_FLAGS=-ffunction-sections -fdata-sections -Wall -Wextra"
"Compiling bram"
"Running Make libs in microblaze_0/libsrc/cpu_v2_6/src"
make -C microblaze_0/libsrc/cpu_v2_6/src -s libs  "SHELL=CMD" "COMPILER=mb-gcc" "ARCHIVER=mb-ar" "COMPILER_FLAGS= -O2 -c -mcpu=v10.0 -mlittle-endian -mxl-soft-mul" "EXTRA_COMPILER_FLAGS=-ffunction-sections -fdata-sections -Wall -Wextra"
"Compiling cpu"
"Running Make libs in microblaze_0/libsrc/standalone_v6_5/src"
make -C microblaze_0/libsrc/standalone_v6_5/src -s libs  "SHELL=CMD" "COMPILER=mb-gcc" "ARCHIVER=mb-ar" "COMPILER_FLAGS= -O2 -c -mcpu=v10.0 -mlittle-endian -mxl-soft-mul" "EXTRA_COMPILER_FLAGS=-ffunction-sections -fdata-sections -Wall -Wextra"
"Compiling standalone";
"Running Make libs in microblaze_0/libsrc/uartlite_v3_2/src"
make -C microblaze_0/libsrc/uartlite_v3_2/src -s libs  "SHELL=CMD" "COMPILER=mb-gcc" "ARCHIVER=mb-ar" "COMPILER_FLAGS= -O2 -c -mcpu=v10.0 -mlittle-endian -mxl-soft-mul" "EXTRA_COMPILER_FLAGS=-ffunction-sections -fdata-sections -Wall -Wextra"
"Compiling uartlite"
'Finished building libraries'
02:11:41 **** Build of configuration Debug for project aes ****
make all 
'Building file: ../src/helloworld.c'
'Invoking: MicroBlaze gcc compiler'
mb-gcc -Wall -O0 -g3 -c -fmessage-length=0 -MT"src/helloworld.o" -I../../aes_bsp/microblaze_0/include -mlittle-endian -mcpu=v10.0 -mxl-soft-mul -Wl,--no-relax -ffunction-sections -fdata-sections -MMD -MP -MF"src/helloworld.d" -MT"src/helloworld.o" -o "src/helloworld.o" "../src/helloworld.c"
'Finished building: ../src/helloworld.c'
' '
'Building file: ../src/platform.c'
'Invoking: MicroBlaze gcc compiler'
mb-gcc -Wall -O0 -g3 -c -fmessage-length=0 -MT"src/platform.o" -I../../aes_bsp/microblaze_0/include -mlittle-endian -mcpu=v10.0 -mxl-soft-mul -Wl,--no-relax -ffunction-sections -fdata-sections -MMD -MP -MF"src/platform.d" -MT"src/platform.o" -o "src/platform.o" "../src/platform.c"
'Finished building: ../src/platform.c'
' '
'Building target: aes.elf'
'Invoking: MicroBlaze gcc linker'
mb-gcc -Wl,-T -Wl,../src/lscript.ld -L../../aes_bsp/microblaze_0/lib -mlittle-endian -mcpu=v10.0 -mxl-soft-mul -Wl,--no-relax -Wl,--gc-sections -o "aes.elf"  ./src/helloworld.o ./src/platform.o   -Wl,--start-group,-lxil,-lgcc,-lc,--end-group
'Finished building target: aes.elf'
' '
'Invoking: MicroBlaze Print Size'
mb-size aes.elf  |tee "aes.elf.size"
   text	   data	    bss	    dec	    hex	filename
   6772	    272	   3108	  10152	   27a8	aes.elf
'Finished building: aes.elf.size'
' '
02:13:03 **** Incremental Build of configuration Debug for project aes ****
make all 
make: Nothing to be done for `all'.
02:38:36 **** Clean-only build of configuration Debug for project aes ****
make clean 
rm -rf  ./src/helloworld.o ./src/platform.o  ./src/helloworld.d ./src/platform.d  aes.elf.size  aes.elf
' '
02:38:37 **** Clean-only build of project aes_bsp ****
make -k clean 
make -C microblaze_0/libsrc/aes_v1_0/src -s clean 
rm: lstat．*.o・ア英: Invalid argument
make[1]: *** [clean] Error 1
make: *** [microblaze_0/libsrc/aes_v1_0/src/make.clean] Error 2
make -C microblaze_0/libsrc/bram_v4_2/src -s clean 
make -C microblaze_0/libsrc/cpu_v2_6/src -s clean 
make -C microblaze_0/libsrc/standalone_v6_5/src -s clean 
make -C microblaze_0/libsrc/uartlite_v3_2/src -s clean 
make: Target `clean' not remade because of errors.
02:38:38 **** Build of project aes_bsp ****
make -k all 
"Running Make include in microblaze_0/libsrc/aes_v1_0/src"
make -C microblaze_0/libsrc/aes_v1_0/src -s include  "SHELL=CMD" "COMPILER=mb-gcc" "ARCHIVER=mb-ar" "COMPILER_FLAGS= -O2 -c -mcpu=v10.0 -mlittle-endian -mxl-soft-mul" "EXTRA_COMPILER_FLAGS=-ffunction-sections -fdata-sections -Wall -Wextra"
"Running Make include in microblaze_0/libsrc/bram_v4_2/src"
make -C microblaze_0/libsrc/bram_v4_2/src -s include  "SHELL=CMD" "COMPILER=mb-gcc" "ARCHIVER=mb-ar" "COMPILER_FLAGS= -O2 -c -mcpu=v10.0 -mlittle-endian -mxl-soft-mul" "EXTRA_COMPILER_FLAGS=-ffunction-sections -fdata-sections -Wall -Wextra"
"Running Make include in microblaze_0/libsrc/cpu_v2_6/src"
make -C microblaze_0/libsrc/cpu_v2_6/src -s include  "SHELL=CMD" "COMPILER=mb-gcc" "ARCHIVER=mb-ar" "COMPILER_FLAGS= -O2 -c -mcpu=v10.0 -mlittle-endian -mxl-soft-mul" "EXTRA_COMPILER_FLAGS=-ffunction-sections -fdata-sections -Wall -Wextra"
"Running Make include in microblaze_0/libsrc/standalone_v6_5/src"
make -C microblaze_0/libsrc/standalone_v6_5/src -s include  "SHELL=CMD" "COMPILER=mb-gcc" "ARCHIVER=mb-ar" "COMPILER_FLAGS= -O2 -c -mcpu=v10.0 -mlittle-endian -mxl-soft-mul" "EXTRA_COMPILER_FLAGS=-ffunction-sections -fdata-sections -Wall -Wextra"
"Running Make include in microblaze_0/libsrc/uartlite_v3_2/src"
make -C microblaze_0/libsrc/uartlite_v3_2/src -s include  "SHELL=CMD" "COMPILER=mb-gcc" "ARCHIVER=mb-ar" "COMPILER_FLAGS= -O2 -c -mcpu=v10.0 -mlittle-endian -mxl-soft-mul" "EXTRA_COMPILER_FLAGS=-ffunction-sections -fdata-sections -Wall -Wextra"
"Running Make libs in microblaze_0/libsrc/aes_v1_0/src"
make -C microblaze_0/libsrc/aes_v1_0/src -s libs  "SHELL=CMD" "COMPILER=mb-gcc" "ARCHIVER=mb-ar" "COMPILER_FLAGS= -O2 -c -mcpu=v10.0 -mlittle-endian -mxl-soft-mul" "EXTRA_COMPILER_FLAGS=-ffunction-sections -fdata-sections -Wall -Wextra"
"Compiling aes..."
aes_selftest.c: In function 'AES_Reg_SelfTest':
aes_selftest.c:52:52: warning: comparison between signed and unsigned integer expressions [-Wsign-compare]
    if ( AES_mReadReg (baseaddr, read_loop_index*4) != (read_loop_index+1)*READ_WRITE_MUL_FACTOR){
                                                    ^~
aes_selftest.c:36:6: warning: unused variable 'Index' [-Wunused-variable]
  int Index;
      ^~~~~
mb-ar: creating ../../../lib/libxil.a
"Running Make libs in microblaze_0/libsrc/bram_v4_2/src"
make -C microblaze_0/libsrc/bram_v4_2/src -s libs  "SHELL=CMD" "COMPILER=mb-gcc" "ARCHIVER=mb-ar" "COMPILER_FLAGS= -O2 -c -mcpu=v10.0 -mlittle-endian -mxl-soft-mul" "EXTRA_COMPILER_FLAGS=-ffunction-sections -fdata-sections -Wall -Wextra"
"Compiling bram"
"Running Make libs in microblaze_0/libsrc/cpu_v2_6/src"
make -C microblaze_0/libsrc/cpu_v2_6/src -s libs  "SHELL=CMD" "COMPILER=mb-gcc" "ARCHIVER=mb-ar" "COMPILER_FLAGS= -O2 -c -mcpu=v10.0 -mlittle-endian -mxl-soft-mul" "EXTRA_COMPILER_FLAGS=-ffunction-sections -fdata-sections -Wall -Wextra"
"Compiling cpu"
"Running Make libs in microblaze_0/libsrc/standalone_v6_5/src"
make -C microblaze_0/libsrc/standalone_v6_5/src -s libs  "SHELL=CMD" "COMPILER=mb-gcc" "ARCHIVER=mb-ar" "COMPILER_FLAGS= -O2 -c -mcpu=v10.0 -mlittle-endian -mxl-soft-mul" "EXTRA_COMPILER_FLAGS=-ffunction-sections -fdata-sections -Wall -Wextra"
"Compiling standalone";
"Running Make libs in microblaze_0/libsrc/uartlite_v3_2/src"
make -C microblaze_0/libsrc/uartlite_v3_2/src -s libs  "SHELL=CMD" "COMPILER=mb-gcc" "ARCHIVER=mb-ar" "COMPILER_FLAGS= -O2 -c -mcpu=v10.0 -mlittle-endian -mxl-soft-mul" "EXTRA_COMPILER_FLAGS=-ffunction-sections -fdata-sections -Wall -Wextra"
"Compiling uartlite"
'Finished building libraries'
02:38:48 **** Build of configuration Debug for project aes ****
make all 
'Building file: ../src/helloworld.c'
'Invoking: MicroBlaze gcc compiler'
mb-gcc -Wall -O0 -g3 -c -fmessage-length=0 -MT"src/helloworld.o" -I../../aes_bsp/microblaze_0/include -mlittle-endian -mcpu=v10.0 -mxl-soft-mul -Wl,--no-relax -ffunction-sections -fdata-sections -MMD -MP -MF"src/helloworld.d" -MT"src/helloworld.o" -o "src/helloworld.o" "../src/helloworld.c"
'Finished building: ../src/helloworld.c'
' '
'Building file: ../src/platform.c'
'Invoking: MicroBlaze gcc compiler'
mb-gcc -Wall -O0 -g3 -c -fmessage-length=0 -MT"src/platform.o" -I../../aes_bsp/microblaze_0/include -mlittle-endian -mcpu=v10.0 -mxl-soft-mul -Wl,--no-relax -ffunction-sections -fdata-sections -MMD -MP -MF"src/platform.d" -MT"src/platform.o" -o "src/platform.o" "../src/platform.c"
'Finished building: ../src/platform.c'
' '
'Building target: aes.elf'
'Invoking: MicroBlaze gcc linker'
mb-gcc -Wl,-T -Wl,../src/lscript.ld -L../../aes_bsp/microblaze_0/lib -mlittle-endian -mcpu=v10.0 -mxl-soft-mul -Wl,--no-relax -Wl,--gc-sections -o "aes.elf"  ./src/helloworld.o ./src/platform.o   -Wl,--start-group,-lxil,-lgcc,-lc,--end-group
'Finished building target: aes.elf'
' '
'Invoking: MicroBlaze Print Size'
mb-size aes.elf  |tee "aes.elf.size"
   text	   data	    bss	    dec	    hex	filename
   6772	    272	   3108	  10152	   27a8	aes.elf
'Finished building: aes.elf.size'
' '
02:39:38 **** Incremental Build of configuration Debug for project aes ****
make all 
make: Nothing to be done for `all'.
02:53:47 **** Auto Build of configuration Debug for project aes ****
make all 
'Building file: ../src/helloworld.c'
'Invoking: MicroBlaze gcc compiler'
mb-gcc -Wall -O0 -g3 -c -fmessage-length=0 -MT"src/helloworld.o" -I../../aes_bsp/microblaze_0/include -mlittle-endian -mcpu=v10.0 -mxl-soft-mul -Wl,--no-relax -ffunction-sections -fdata-sections -MMD -MP -MF"src/helloworld.d" -MT"src/helloworld.o" -o "src/helloworld.o" "../src/helloworld.c"
'Finished building: ../src/helloworld.c'
' '
'Building target: aes.elf'
'Invoking: MicroBlaze gcc linker'
mb-gcc -Wl,-T -Wl,../src/lscript.ld -L../../aes_bsp/microblaze_0/lib -mlittle-endian -mcpu=v10.0 -mxl-soft-mul -Wl,--no-relax -Wl,--gc-sections -o "aes.elf"  ./src/helloworld.o ./src/platform.o   -Wl,--start-group,-lxil,-lgcc,-lc,--end-group
'Finished building target: aes.elf'
' '
'Invoking: MicroBlaze Print Size'
mb-size aes.elf  |tee "aes.elf.size"
   text	   data	    bss	    dec	    hex	filename
   6812	    272	   3108	  10192	   27d0	aes.elf
'Finished building: aes.elf.size'
' '
02:53:51 **** Auto Build of configuration Debug for project aes ****
make all 
'Building file: ../src/helloworld.c'
'Invoking: MicroBlaze gcc compiler'
mb-gcc -Wall -O0 -g3 -c -fmessage-length=0 -MT"src/helloworld.o" -I../../aes_bsp/microblaze_0/include -mlittle-endian -mcpu=v10.0 -mxl-soft-mul -Wl,--no-relax -ffunction-sections -fdata-sections -MMD -MP -MF"src/helloworld.d" -MT"src/helloworld.o" -o "src/helloworld.o" "../src/helloworld.c"
'Finished building: ../src/helloworld.c'
' '
'Building target: aes.elf'
'Invoking: MicroBlaze gcc linker'
mb-gcc -Wl,-T -Wl,../src/lscript.ld -L../../aes_bsp/microblaze_0/lib -mlittle-endian -mcpu=v10.0 -mxl-soft-mul -Wl,--no-relax -Wl,--gc-sections -o "aes.elf"  ./src/helloworld.o ./src/platform.o   -Wl,--start-group,-lxil,-lgcc,-lc,--end-group
'Finished building target: aes.elf'
' '
'Invoking: MicroBlaze Print Size'
mb-size aes.elf  |tee "aes.elf.size"
   text	   data	    bss	    dec	    hex	filename
   6812	    272	   3108	  10192	   27d0	aes.elf
'Finished building: aes.elf.size'
' '
02:53:55 **** Auto Build of configuration Debug for project aes ****
make all 
'Building file: ../src/helloworld.c'
'Invoking: MicroBlaze gcc compiler'
mb-gcc -Wall -O0 -g3 -c -fmessage-length=0 -MT"src/helloworld.o" -I../../aes_bsp/microblaze_0/include -mlittle-endian -mcpu=v10.0 -mxl-soft-mul -Wl,--no-relax -ffunction-sections -fdata-sections -MMD -MP -MF"src/helloworld.d" -MT"src/helloworld.o" -o "src/helloworld.o" "../src/helloworld.c"
'Finished building: ../src/helloworld.c'
' '
'Building target: aes.elf'
'Invoking: MicroBlaze gcc linker'
mb-gcc -Wl,-T -Wl,../src/lscript.ld -L../../aes_bsp/microblaze_0/lib -mlittle-endian -mcpu=v10.0 -mxl-soft-mul -Wl,--no-relax -Wl,--gc-sections -o "aes.elf"  ./src/helloworld.o ./src/platform.o   -Wl,--start-group,-lxil,-lgcc,-lc,--end-group
'Finished building target: aes.elf'
' '
'Invoking: MicroBlaze Print Size'
mb-size aes.elf  |tee "aes.elf.size"
   text	   data	    bss	    dec	    hex	filename
   6812	    272	   3108	  10192	   27d0	aes.elf
'Finished building: aes.elf.size'
' '
02:54:19 **** Auto Build of configuration Debug for project aes ****
make all 
'Building file: ../src/helloworld.c'
'Invoking: MicroBlaze gcc compiler'
mb-gcc -Wall -O0 -g3 -c -fmessage-length=0 -MT"src/helloworld.o" -I../../aes_bsp/microblaze_0/include -mlittle-endian -mcpu=v10.0 -mxl-soft-mul -Wl,--no-relax -ffunction-sections -fdata-sections -MMD -MP -MF"src/helloworld.d" -MT"src/helloworld.o" -o "src/helloworld.o" "../src/helloworld.c"
'Finished building: ../src/helloworld.c'
' '
'Building target: aes.elf'
'Invoking: MicroBlaze gcc linker'
mb-gcc -Wl,-T -Wl,../src/lscript.ld -L../../aes_bsp/microblaze_0/lib -mlittle-endian -mcpu=v10.0 -mxl-soft-mul -Wl,--no-relax -Wl,--gc-sections -o "aes.elf"  ./src/helloworld.o ./src/platform.o   -Wl,--start-group,-lxil,-lgcc,-lc,--end-group
'Finished building target: aes.elf'
' '
'Invoking: MicroBlaze Print Size'
mb-size aes.elf  |tee "aes.elf.size"
   text	   data	    bss	    dec	    hex	filename
   6816	    272	   3104	  10192	   27d0	aes.elf
'Finished building: aes.elf.size'
' '
02:58:33 **** Clean-only build of project aes_bsp ****
make -k clean 
make -C microblaze_0/libsrc/aes_v1_0/src -s clean 
rm: lstat．*.o・ア英: Invalid argument
make[1]: *** [clean] Error 1
make: *** [microblaze_0/libsrc/aes_v1_0/src/make.clean] Error 2
make -C microblaze_0/libsrc/bram_v4_2/src -s clean 
make -C microblaze_0/libsrc/cpu_v2_6/src -s clean 
make -C microblaze_0/libsrc/standalone_v6_5/src -s clean 
make -C microblaze_0/libsrc/uartlite_v3_2/src -s clean 
make: Target `clean' not remade because of errors.
02:58:34 **** Clean-only build of configuration Debug for project aes ****
make clean 
rm -rf  ./src/helloworld.o ./src/platform.o  ./src/helloworld.d ./src/platform.d  aes.elf.size  aes.elf
' '
02:58:35 **** Build of project aes_bsp ****
make -k all 
"Running Make include in microblaze_0/libsrc/aes_v1_0/src"
make -C microblaze_0/libsrc/aes_v1_0/src -s include  "SHELL=CMD" "COMPILER=mb-gcc" "ARCHIVER=mb-ar" "COMPILER_FLAGS= -O2 -c -mcpu=v10.0 -mlittle-endian -mxl-soft-mul" "EXTRA_COMPILER_FLAGS=-ffunction-sections -fdata-sections -Wall -Wextra"
"Running Make include in microblaze_0/libsrc/bram_v4_2/src"
make -C microblaze_0/libsrc/bram_v4_2/src -s include  "SHELL=CMD" "COMPILER=mb-gcc" "ARCHIVER=mb-ar" "COMPILER_FLAGS= -O2 -c -mcpu=v10.0 -mlittle-endian -mxl-soft-mul" "EXTRA_COMPILER_FLAGS=-ffunction-sections -fdata-sections -Wall -Wextra"
"Running Make include in microblaze_0/libsrc/cpu_v2_6/src"
make -C microblaze_0/libsrc/cpu_v2_6/src -s include  "SHELL=CMD" "COMPILER=mb-gcc" "ARCHIVER=mb-ar" "COMPILER_FLAGS= -O2 -c -mcpu=v10.0 -mlittle-endian -mxl-soft-mul" "EXTRA_COMPILER_FLAGS=-ffunction-sections -fdata-sections -Wall -Wextra"
"Running Make include in microblaze_0/libsrc/standalone_v6_5/src"
make -C microblaze_0/libsrc/standalone_v6_5/src -s include  "SHELL=CMD" "COMPILER=mb-gcc" "ARCHIVER=mb-ar" "COMPILER_FLAGS= -O2 -c -mcpu=v10.0 -mlittle-endian -mxl-soft-mul" "EXTRA_COMPILER_FLAGS=-ffunction-sections -fdata-sections -Wall -Wextra"
"Running Make include in microblaze_0/libsrc/uartlite_v3_2/src"
make -C microblaze_0/libsrc/uartlite_v3_2/src -s include  "SHELL=CMD" "COMPILER=mb-gcc" "ARCHIVER=mb-ar" "COMPILER_FLAGS= -O2 -c -mcpu=v10.0 -mlittle-endian -mxl-soft-mul" "EXTRA_COMPILER_FLAGS=-ffunction-sections -fdata-sections -Wall -Wextra"
"Running Make libs in microblaze_0/libsrc/aes_v1_0/src"
make -C microblaze_0/libsrc/aes_v1_0/src -s libs  "SHELL=CMD" "COMPILER=mb-gcc" "ARCHIVER=mb-ar" "COMPILER_FLAGS= -O2 -c -mcpu=v10.0 -mlittle-endian -mxl-soft-mul" "EXTRA_COMPILER_FLAGS=-ffunction-sections -fdata-sections -Wall -Wextra"
"Compiling aes..."
aes_selftest.c: In function 'AES_Reg_SelfTest':
aes_selftest.c:52:52: warning: comparison between signed and unsigned integer expressions [-Wsign-compare]
    if ( AES_mReadReg (baseaddr, read_loop_index*4) != (read_loop_index+1)*READ_WRITE_MUL_FACTOR){
                                                    ^~
aes_selftest.c:36:6: warning: unused variable 'Index' [-Wunused-variable]
  int Index;
      ^~~~~
mb-ar: creating ../../../lib/libxil.a
"Running Make libs in microblaze_0/libsrc/bram_v4_2/src"
make -C microblaze_0/libsrc/bram_v4_2/src -s libs  "SHELL=CMD" "COMPILER=mb-gcc" "ARCHIVER=mb-ar" "COMPILER_FLAGS= -O2 -c -mcpu=v10.0 -mlittle-endian -mxl-soft-mul" "EXTRA_COMPILER_FLAGS=-ffunction-sections -fdata-sections -Wall -Wextra"
"Compiling bram"
"Running Make libs in microblaze_0/libsrc/cpu_v2_6/src"
make -C microblaze_0/libsrc/cpu_v2_6/src -s libs  "SHELL=CMD" "COMPILER=mb-gcc" "ARCHIVER=mb-ar" "COMPILER_FLAGS= -O2 -c -mcpu=v10.0 -mlittle-endian -mxl-soft-mul" "EXTRA_COMPILER_FLAGS=-ffunction-sections -fdata-sections -Wall -Wextra"
"Compiling cpu"
"Running Make libs in microblaze_0/libsrc/standalone_v6_5/src"
make -C microblaze_0/libsrc/standalone_v6_5/src -s libs  "SHELL=CMD" "COMPILER=mb-gcc" "ARCHIVER=mb-ar" "COMPILER_FLAGS= -O2 -c -mcpu=v10.0 -mlittle-endian -mxl-soft-mul" "EXTRA_COMPILER_FLAGS=-ffunction-sections -fdata-sections -Wall -Wextra"
"Compiling standalone";
"Running Make libs in microblaze_0/libsrc/uartlite_v3_2/src"
make -C microblaze_0/libsrc/uartlite_v3_2/src -s libs  "SHELL=CMD" "COMPILER=mb-gcc" "ARCHIVER=mb-ar" "COMPILER_FLAGS= -O2 -c -mcpu=v10.0 -mlittle-endian -mxl-soft-mul" "EXTRA_COMPILER_FLAGS=-ffunction-sections -fdata-sections -Wall -Wextra"
"Compiling uartlite"
'Finished building libraries'
02:58:43 **** Build of configuration Debug for project aes ****
make all 
'Building file: ../src/helloworld.c'
'Invoking: MicroBlaze gcc compiler'
mb-gcc -Wall -O0 -g3 -c -fmessage-length=0 -MT"src/helloworld.o" -I../../aes_bsp/microblaze_0/include -mlittle-endian -mcpu=v10.0 -mxl-soft-mul -Wl,--no-relax -ffunction-sections -fdata-sections -MMD -MP -MF"src/helloworld.d" -MT"src/helloworld.o" -o "src/helloworld.o" "../src/helloworld.c"
'Finished building: ../src/helloworld.c'
' '
'Building file: ../src/platform.c'
'Invoking: MicroBlaze gcc compiler'
mb-gcc -Wall -O0 -g3 -c -fmessage-length=0 -MT"src/platform.o" -I../../aes_bsp/microblaze_0/include -mlittle-endian -mcpu=v10.0 -mxl-soft-mul -Wl,--no-relax -ffunction-sections -fdata-sections -MMD -MP -MF"src/platform.d" -MT"src/platform.o" -o "src/platform.o" "../src/platform.c"
'Finished building: ../src/platform.c'
' '
'Building target: aes.elf'
'Invoking: MicroBlaze gcc linker'
mb-gcc -Wl,-T -Wl,../src/lscript.ld -L../../aes_bsp/microblaze_0/lib -mlittle-endian -mcpu=v10.0 -mxl-soft-mul -Wl,--no-relax -Wl,--gc-sections -o "aes.elf"  ./src/helloworld.o ./src/platform.o   -Wl,--start-group,-lxil,-lgcc,-lc,--end-group
'Finished building target: aes.elf'
' '
'Invoking: MicroBlaze Print Size'
mb-size aes.elf  |tee "aes.elf.size"
   text	   data	    bss	    dec	    hex	filename
   6816	    272	   3104	  10192	   27d0	aes.elf
'Finished building: aes.elf.size'
' '
02:59:55 **** Incremental Build of configuration Debug for project aes ****
make all 
make: Nothing to be done for `all'.
03:06:40 **** Auto Build of configuration Debug for project aes ****
make all 
'Building file: ../src/helloworld.c'
'Invoking: MicroBlaze gcc compiler'
mb-gcc -Wall -O0 -g3 -c -fmessage-length=0 -MT"src/helloworld.o" -I../../aes_bsp/microblaze_0/include -mlittle-endian -mcpu=v10.0 -mxl-soft-mul -Wl,--no-relax -ffunction-sections -fdata-sections -MMD -MP -MF"src/helloworld.d" -MT"src/helloworld.o" -o "src/helloworld.o" "../src/helloworld.c"
../src/helloworld.c: In function 'main':
../src/helloworld.c:72:5: error: expected '=', ',', ';', 'asm' or '__attribute__' before 'print'
     print("Hello World\n\r");
     ^~~~~
make: *** [src/helloworld.o] Error 1
03:07:53 **** Auto Build of configuration Debug for project aes ****
make all 
'Building file: ../src/helloworld.c'
'Invoking: MicroBlaze gcc compiler'
mb-gcc -Wall -O0 -g3 -c -fmessage-length=0 -MT"src/helloworld.o" -I../../aes_bsp/microblaze_0/include -mlittle-endian -mcpu=v10.0 -mxl-soft-mul -Wl,--no-relax -ffunction-sections -fdata-sections -MMD -MP -MF"src/helloworld.d" -MT"src/helloworld.o" -o "src/helloworld.o" "../src/helloworld.c"
'Finished building: ../src/helloworld.c'
' '
'Building target: aes.elf'
'Invoking: MicroBlaze gcc linker'
mb-gcc -Wl,-T -Wl,../src/lscript.ld -L../../aes_bsp/microblaze_0/lib -mlittle-endian -mcpu=v10.0 -mxl-soft-mul -Wl,--no-relax -Wl,--gc-sections -o "aes.elf"  ./src/helloworld.o ./src/platform.o   -Wl,--start-group,-lxil,-lgcc,-lc,--end-group
'Finished building target: aes.elf'
' '
'Invoking: MicroBlaze Print Size'
mb-size aes.elf  |tee "aes.elf.size"
   text	   data	    bss	    dec	    hex	filename
   7012	    272	   3108	  10392	   2898	aes.elf
'Finished building: aes.elf.size'
' '
03:07:57 **** Auto Build of configuration Debug for project aes ****
make all 
'Building file: ../src/helloworld.c'
'Invoking: MicroBlaze gcc compiler'
mb-gcc -Wall -O0 -g3 -c -fmessage-length=0 -MT"src/helloworld.o" -I../../aes_bsp/microblaze_0/include -mlittle-endian -mcpu=v10.0 -mxl-soft-mul -Wl,--no-relax -ffunction-sections -fdata-sections -MMD -MP -MF"src/helloworld.d" -MT"src/helloworld.o" -o "src/helloworld.o" "../src/helloworld.c"
'Finished building: ../src/helloworld.c'
' '
'Building target: aes.elf'
'Invoking: MicroBlaze gcc linker'
mb-gcc -Wl,-T -Wl,../src/lscript.ld -L../../aes_bsp/microblaze_0/lib -mlittle-endian -mcpu=v10.0 -mxl-soft-mul -Wl,--no-relax -Wl,--gc-sections -o "aes.elf"  ./src/helloworld.o ./src/platform.o   -Wl,--start-group,-lxil,-lgcc,-lc,--end-group
'Finished building target: aes.elf'
' '
'Invoking: MicroBlaze Print Size'
mb-size aes.elf  |tee "aes.elf.size"
   text	   data	    bss	    dec	    hex	filename
   7012	    272	   3108	  10392	   2898	aes.elf
'Finished building: aes.elf.size'
' '
03:08:34 **** Auto Build of configuration Debug for project aes ****
make all 
'Building file: ../src/helloworld.c'
'Invoking: MicroBlaze gcc compiler'
mb-gcc -Wall -O0 -g3 -c -fmessage-length=0 -MT"src/helloworld.o" -I../../aes_bsp/microblaze_0/include -mlittle-endian -mcpu=v10.0 -mxl-soft-mul -Wl,--no-relax -ffunction-sections -fdata-sections -MMD -MP -MF"src/helloworld.d" -MT"src/helloworld.o" -o "src/helloworld.o" "../src/helloworld.c"
'Finished building: ../src/helloworld.c'
' '
'Building target: aes.elf'
'Invoking: MicroBlaze gcc linker'
mb-gcc -Wl,-T -Wl,../src/lscript.ld -L../../aes_bsp/microblaze_0/lib -mlittle-endian -mcpu=v10.0 -mxl-soft-mul -Wl,--no-relax -Wl,--gc-sections -o "aes.elf"  ./src/helloworld.o ./src/platform.o   -Wl,--start-group,-lxil,-lgcc,-lc,--end-group
'Finished building target: aes.elf'
' '
'Invoking: MicroBlaze Print Size'
mb-size aes.elf  |tee "aes.elf.size"
   text	   data	    bss	    dec	    hex	filename
   7052	    272	   3108	  10432	   28c0	aes.elf
'Finished building: aes.elf.size'
' '
03:08:56 **** Incremental Build of configuration Debug for project aes ****
make all 
make: Nothing to be done for `all'.
03:09:16 **** Incremental Build of configuration Debug for project aes ****
make all 
make: Nothing to be done for `all'.
03:10:32 **** Auto Build of configuration Debug for project aes ****
make all 
'Building file: ../src/helloworld.c'
'Invoking: MicroBlaze gcc compiler'
mb-gcc -Wall -O0 -g3 -c -fmessage-length=0 -MT"src/helloworld.o" -I../../aes_bsp/microblaze_0/include -mlittle-endian -mcpu=v10.0 -mxl-soft-mul -Wl,--no-relax -ffunction-sections -fdata-sections -MMD -MP -MF"src/helloworld.d" -MT"src/helloworld.o" -o "src/helloworld.o" "../src/helloworld.c"
'Finished building: ../src/helloworld.c'
' '
'Building target: aes.elf'
'Invoking: MicroBlaze gcc linker'
mb-gcc -Wl,-T -Wl,../src/lscript.ld -L../../aes_bsp/microblaze_0/lib -mlittle-endian -mcpu=v10.0 -mxl-soft-mul -Wl,--no-relax -Wl,--gc-sections -o "aes.elf"  ./src/helloworld.o ./src/platform.o   -Wl,--start-group,-lxil,-lgcc,-lc,--end-group
'Finished building target: aes.elf'
' '
'Invoking: MicroBlaze Print Size'
mb-size aes.elf  |tee "aes.elf.size"
   text	   data	    bss	    dec	    hex	filename
   7080	    272	   3104	  10456	   28d8	aes.elf
'Finished building: aes.elf.size'
' '
03:10:35 **** Auto Build of configuration Debug for project aes ****
make all 
'Building file: ../src/helloworld.c'
'Invoking: MicroBlaze gcc compiler'
mb-gcc -Wall -O0 -g3 -c -fmessage-length=0 -MT"src/helloworld.o" -I../../aes_bsp/microblaze_0/include -mlittle-endian -mcpu=v10.0 -mxl-soft-mul -Wl,--no-relax -ffunction-sections -fdata-sections -MMD -MP -MF"src/helloworld.d" -MT"src/helloworld.o" -o "src/helloworld.o" "../src/helloworld.c"
'Finished building: ../src/helloworld.c'
' '
'Building target: aes.elf'
'Invoking: MicroBlaze gcc linker'
mb-gcc -Wl,-T -Wl,../src/lscript.ld -L../../aes_bsp/microblaze_0/lib -mlittle-endian -mcpu=v10.0 -mxl-soft-mul -Wl,--no-relax -Wl,--gc-sections -o "aes.elf"  ./src/helloworld.o ./src/platform.o   -Wl,--start-group,-lxil,-lgcc,-lc,--end-group
'Finished building target: aes.elf'
' '
'Invoking: MicroBlaze Print Size'
mb-size aes.elf  |tee "aes.elf.size"
   text	   data	    bss	    dec	    hex	filename
   7076	    272	   3108	  10456	   28d8	aes.elf
'Finished building: aes.elf.size'
' '
03:10:41 **** Incremental Build of configuration Debug for project aes ****
make all 
make: Nothing to be done for `all'.
03:10:47 **** Incremental Build of configuration Debug for project aes ****
make all 
make: Nothing to be done for `all'.
03:11:28 **** Incremental Build of configuration Debug for project aes ****
make all 
make: Nothing to be done for `all'.
03:11:36 **** Incremental Build of configuration Debug for project aes ****
make all 
make: Nothing to be done for `all'.
03:14:47 **** Auto Build of configuration Debug for project aes ****
make all 
'Building file: ../src/helloworld.c'
'Invoking: MicroBlaze gcc compiler'
mb-gcc -Wall -O0 -g3 -c -fmessage-length=0 -MT"src/helloworld.o" -I../../aes_bsp/microblaze_0/include -mlittle-endian -mcpu=v10.0 -mxl-soft-mul -Wl,--no-relax -ffunction-sections -fdata-sections -MMD -MP -MF"src/helloworld.d" -MT"src/helloworld.o" -o "src/helloworld.o" "../src/helloworld.c"
'Finished building: ../src/helloworld.c'
' '
'Building target: aes.elf'
'Invoking: MicroBlaze gcc linker'
mb-gcc -Wl,-T -Wl,../src/lscript.ld -L../../aes_bsp/microblaze_0/lib -mlittle-endian -mcpu=v10.0 -mxl-soft-mul -Wl,--no-relax -Wl,--gc-sections -o "aes.elf"  ./src/helloworld.o ./src/platform.o   -Wl,--start-group,-lxil,-lgcc,-lc,--end-group
'Finished building target: aes.elf'
' '
'Invoking: MicroBlaze Print Size'
mb-size aes.elf  |tee "aes.elf.size"
   text	   data	    bss	    dec	    hex	filename
   6968	    272	   3104	  10344	   2868	aes.elf
'Finished building: aes.elf.size'
' '
03:18:10 **** Auto Build of configuration Debug for project aes ****
make all 
'Building file: ../src/helloworld.c'
'Invoking: MicroBlaze gcc compiler'
mb-gcc -Wall -O0 -g3 -c -fmessage-length=0 -MT"src/helloworld.o" -I../../aes_bsp/microblaze_0/include -mlittle-endian -mcpu=v10.0 -mxl-soft-mul -Wl,--no-relax -ffunction-sections -fdata-sections -MMD -MP -MF"src/helloworld.d" -MT"src/helloworld.o" -o "src/helloworld.o" "../src/helloworld.c"
../src/helloworld.c: In function 'main':
../src/helloworld.c:81:7: error: redeclaration of 'p' with no linkage
  char p[16];
       ^
../src/helloworld.c:71:7: note: previous declaration of 'p' was here
  char p[16];
       ^
../src/helloworld.c:82:6: error: redefinition of 'j'
  int j=0;
      ^
../src/helloworld.c:72:6: note: previous definition of 'j' was here
  int j=0;
      ^
make: *** [src/helloworld.o] Error 1
03:19:26 **** Auto Build of configuration Debug for project aes ****
make all 
'Building file: ../src/helloworld.c'
'Invoking: MicroBlaze gcc compiler'
mb-gcc -Wall -O0 -g3 -c -fmessage-length=0 -MT"src/helloworld.o" -I../../aes_bsp/microblaze_0/include -mlittle-endian -mcpu=v10.0 -mxl-soft-mul -Wl,--no-relax -ffunction-sections -fdata-sections -MMD -MP -MF"src/helloworld.d" -MT"src/helloworld.o" -o "src/helloworld.o" "../src/helloworld.c"
../src/helloworld.c: In function 'main':
../src/helloworld.c:72:6: error: redefinition of 'i'
  int i=0;
      ^
../src/helloworld.c:68:6: note: previous definition of 'i' was here
  int i=0;
      ^
make: *** [src/helloworld.o] Error 1
03:19:44 **** Auto Build of configuration Debug for project aes ****
make all 
'Building file: ../src/helloworld.c'
'Invoking: MicroBlaze gcc compiler'
mb-gcc -Wall -O0 -g3 -c -fmessage-length=0 -MT"src/helloworld.o" -I../../aes_bsp/microblaze_0/include -mlittle-endian -mcpu=v10.0 -mxl-soft-mul -Wl,--no-relax -ffunction-sections -fdata-sections -MMD -MP -MF"src/helloworld.d" -MT"src/helloworld.o" -o "src/helloworld.o" "../src/helloworld.c"
../src/helloworld.c: In function 'main':
../src/helloworld.c:99:6: error: conflicting types for 'k'
  int k=0;
      ^
../src/helloworld.c:70:7: note: previous declaration of 'k' was here
  char k[16];
       ^
make: *** [src/helloworld.o] Error 1
03:19:58 **** Auto Build of configuration Debug for project aes ****
make all 
'Building file: ../src/helloworld.c'
'Invoking: MicroBlaze gcc compiler'
mb-gcc -Wall -O0 -g3 -c -fmessage-length=0 -MT"src/helloworld.o" -I../../aes_bsp/microblaze_0/include -mlittle-endian -mcpu=v10.0 -mxl-soft-mul -Wl,--no-relax -ffunction-sections -fdata-sections -MMD -MP -MF"src/helloworld.d" -MT"src/helloworld.o" -o "src/helloworld.o" "../src/helloworld.c"
../src/helloworld.c: In function 'main':
../src/helloworld.c:72:2: error: 'k' undeclared (first use in this function)
  k[i]=inbyte();
  ^
../src/helloworld.c:72:2: note: each undeclared identifier is reported only once for each function it appears in
make: *** [src/helloworld.o] Error 1
03:20:01 **** Auto Build of configuration Debug for project aes ****
make all 
'Building file: ../src/helloworld.c'
'Invoking: MicroBlaze gcc compiler'
mb-gcc -Wall -O0 -g3 -c -fmessage-length=0 -MT"src/helloworld.o" -I../../aes_bsp/microblaze_0/include -mlittle-endian -mcpu=v10.0 -mxl-soft-mul -Wl,--no-relax -ffunction-sections -fdata-sections -MMD -MP -MF"src/helloworld.d" -MT"src/helloworld.o" -o "src/helloworld.o" "../src/helloworld.c"
../src/helloworld.c: In function 'main':
../src/helloworld.c:99:6: error: conflicting types for 'k'
  int k=0;
      ^
../src/helloworld.c:70:7: note: previous declaration of 'k' was here
  char k[16];
       ^
make: *** [src/helloworld.o] Error 1
03:20:23 **** Auto Build of configuration Debug for project aes ****
make all 
'Building file: ../src/helloworld.c'
'Invoking: MicroBlaze gcc compiler'
mb-gcc -Wall -O0 -g3 -c -fmessage-length=0 -MT"src/helloworld.o" -I../../aes_bsp/microblaze_0/include -mlittle-endian -mcpu=v10.0 -mxl-soft-mul -Wl,--no-relax -ffunction-sections -fdata-sections -MMD -MP -MF"src/helloworld.d" -MT"src/helloworld.o" -o "src/helloworld.o" "../src/helloworld.c"
'Finished building: ../src/helloworld.c'
' '
'Building target: aes.elf'
'Invoking: MicroBlaze gcc linker'
mb-gcc -Wl,-T -Wl,../src/lscript.ld -L../../aes_bsp/microblaze_0/lib -mlittle-endian -mcpu=v10.0 -mxl-soft-mul -Wl,--no-relax -Wl,--gc-sections -o "aes.elf"  ./src/helloworld.o ./src/platform.o   -Wl,--start-group,-lxil,-lgcc,-lc,--end-group
'Finished building target: aes.elf'
' '
'Invoking: MicroBlaze Print Size'
mb-size aes.elf  |tee "aes.elf.size"
   text	   data	    bss	    dec	    hex	filename
   7020	    272	   3108	  10400	   28a0	aes.elf
'Finished building: aes.elf.size'
' '
03:21:07 **** Auto Build of configuration Debug for project aes ****
make all 
'Building file: ../src/helloworld.c'
'Invoking: MicroBlaze gcc compiler'
mb-gcc -Wall -O0 -g3 -c -fmessage-length=0 -MT"src/helloworld.o" -I../../aes_bsp/microblaze_0/include -mlittle-endian -mcpu=v10.0 -mxl-soft-mul -Wl,--no-relax -ffunction-sections -fdata-sections -MMD -MP -MF"src/helloworld.d" -MT"src/helloworld.o" -o "src/helloworld.o" "../src/helloworld.c"
../src/helloworld.c: In function 'main':
../src/helloworld.c:77:22: error: 'k' undeclared (first use in this function)
  xil_printf("%s\n\r",k);
                      ^
../src/helloworld.c:77:22: note: each undeclared identifier is reported only once for each function it appears in
../src/helloworld.c:87:22: error: 'p' undeclared (first use in this function)
  xil_printf("%s\n\r",p);
                      ^
make: *** [src/helloworld.o] Error 1
03:21:13 **** Auto Build of configuration Debug for project aes ****
make all 
'Building file: ../src/helloworld.c'
'Invoking: MicroBlaze gcc compiler'
mb-gcc -Wall -O0 -g3 -c -fmessage-length=0 -MT"src/helloworld.o" -I../../aes_bsp/microblaze_0/include -mlittle-endian -mcpu=v10.0 -mxl-soft-mul -Wl,--no-relax -ffunction-sections -fdata-sections -MMD -MP -MF"src/helloworld.d" -MT"src/helloworld.o" -o "src/helloworld.o" "../src/helloworld.c"
'Finished building: ../src/helloworld.c'
' '
'Building target: aes.elf'
'Invoking: MicroBlaze gcc linker'
mb-gcc -Wl,-T -Wl,../src/lscript.ld -L../../aes_bsp/microblaze_0/lib -mlittle-endian -mcpu=v10.0 -mxl-soft-mul -Wl,--no-relax -Wl,--gc-sections -o "aes.elf"  ./src/helloworld.o ./src/platform.o   -Wl,--start-group,-lxil,-lgcc,-lc,--end-group
'Finished building target: aes.elf'
' '
'Invoking: MicroBlaze Print Size'
mb-size aes.elf  |tee "aes.elf.size"
   text	   data	    bss	    dec	    hex	filename
   7020	    272	   3108	  10400	   28a0	aes.elf
'Finished building: aes.elf.size'
' '
03:21:22 **** Auto Build of configuration Debug for project aes ****
make all 
'Building file: ../src/helloworld.c'
'Invoking: MicroBlaze gcc compiler'
mb-gcc -Wall -O0 -g3 -c -fmessage-length=0 -MT"src/helloworld.o" -I../../aes_bsp/microblaze_0/include -mlittle-endian -mcpu=v10.0 -mxl-soft-mul -Wl,--no-relax -ffunction-sections -fdata-sections -MMD -MP -MF"src/helloworld.d" -MT"src/helloworld.o" -o "src/helloworld.o" "../src/helloworld.c"
'Finished building: ../src/helloworld.c'
' '
'Building target: aes.elf'
'Invoking: MicroBlaze gcc linker'
mb-gcc -Wl,-T -Wl,../src/lscript.ld -L../../aes_bsp/microblaze_0/lib -mlittle-endian -mcpu=v10.0 -mxl-soft-mul -Wl,--no-relax -Wl,--gc-sections -o "aes.elf"  ./src/helloworld.o ./src/platform.o   -Wl,--start-group,-lxil,-lgcc,-lc,--end-group
'Finished building target: aes.elf'
' '
'Invoking: MicroBlaze Print Size'
mb-size aes.elf  |tee "aes.elf.size"
   text	   data	    bss	    dec	    hex	filename
   7020	    272	   3108	  10400	   28a0	aes.elf
'Finished building: aes.elf.size'
' '
03:25:18 **** Auto Build of configuration Debug for project aes ****
make all 
'Building file: ../src/helloworld.c'
'Invoking: MicroBlaze gcc compiler'
mb-gcc -Wall -O0 -g3 -c -fmessage-length=0 -MT"src/helloworld.o" -I../../aes_bsp/microblaze_0/include -mlittle-endian -mcpu=v10.0 -mxl-soft-mul -Wl,--no-relax -ffunction-sections -fdata-sections -MMD -MP -MF"src/helloworld.d" -MT"src/helloworld.o" -o "src/helloworld.o" "../src/helloworld.c"
../src/helloworld.c: In function 'main':
../src/helloworld.c:89:11: error: redefinition of 'key3'
  uint32_t key3 = ((uint32_t)din[0] << 24) | ((uint32_t)din[1] << 16) | ((uint32_t)din[2] << 8) | (uint32_t)din[3];
           ^~~~
../src/helloworld.c:62:11: note: previous definition of 'key3' was here
  uint32_t key3=0x2B7E1516;
           ^~~~
make: *** [src/helloworld.o] Error 1
03:25:30 **** Auto Build of configuration Debug for project aes ****
make all 
'Building file: ../src/helloworld.c'
'Invoking: MicroBlaze gcc compiler'
mb-gcc -Wall -O0 -g3 -c -fmessage-length=0 -MT"src/helloworld.o" -I../../aes_bsp/microblaze_0/include -mlittle-endian -mcpu=v10.0 -mxl-soft-mul -Wl,--no-relax -ffunction-sections -fdata-sections -MMD -MP -MF"src/helloworld.d" -MT"src/helloworld.o" -o "src/helloworld.o" "../src/helloworld.c"
../src/helloworld.c: In function 'main':
../src/helloworld.c:83:23: error: 'key0' undeclared (first use in this function)
     Xil_Out32(IP_ADDR,key0);
                       ^~~~
../src/helloworld.c:83:23: note: each undeclared identifier is reported only once for each function it appears in
../src/helloworld.c:84:27: error: 'key1' undeclared (first use in this function)
     Xil_Out32(IP_ADDR+0x4,key1);
                           ^~~~
../src/helloworld.c:85:27: error: 'key2' undeclared (first use in this function)
     Xil_Out32(IP_ADDR+0x8,key2);
                           ^~~~
../src/helloworld.c:88:28: error: 'din0' undeclared (first use in this function)
     Xil_Out32(IP_ADDR+0x10,din0);
                            ^~~~
../src/helloworld.c:89:28: error: 'din1' undeclared (first use in this function)
     Xil_Out32(IP_ADDR+0x14,din1);
                            ^~~~
../src/helloworld.c:90:28: error: 'din2' undeclared (first use in this function)
     Xil_Out32(IP_ADDR+0x18,din2);
                            ^~~~
../src/helloworld.c:91:28: error: 'din3' undeclared (first use in this function)
     Xil_Out32(IP_ADDR+0x1c,din3);
                            ^~~~
make: *** [src/helloworld.o] Error 1
03:26:58 **** Auto Build of configuration Debug for project aes ****
make all 
'Building file: ../src/helloworld.c'
'Invoking: MicroBlaze gcc compiler'
mb-gcc -Wall -O0 -g3 -c -fmessage-length=0 -MT"src/helloworld.o" -I../../aes_bsp/microblaze_0/include -mlittle-endian -mcpu=v10.0 -mxl-soft-mul -Wl,--no-relax -ffunction-sections -fdata-sections -MMD -MP -MF"src/helloworld.d" -MT"src/helloworld.o" -o "src/helloworld.o" "../src/helloworld.c"
../src/helloworld.c: In function 'main':
../src/helloworld.c:82:11: error: redefinition of 'key3'
  uint32_t key3 = ((uint32_t)din[4] << 24) | ((uint32_t)din[5] << 16) | ((uint32_t)din[6] << 8) | (uint32_t)din[7];
           ^~~~
../src/helloworld.c:81:11: note: previous definition of 'key3' was here
  uint32_t key3 = ((uint32_t)din[0] << 24) | ((uint32_t)din[1] << 16) | ((uint32_t)din[2] << 8) | (uint32_t)din[3];
           ^~~~
../src/helloworld.c:83:11: error: redefinition of 'key3'
  uint32_t key3 = ((uint32_t)din[8] << 24) | ((uint32_t)din[9] << 16) | ((uint32_t)din[10] << 8) | (uint32_t)din[11];
           ^~~~
../src/helloworld.c:82:11: note: previous definition of 'key3' was here
  uint32_t key3 = ((uint32_t)din[4] << 24) | ((uint32_t)din[5] << 16) | ((uint32_t)din[6] << 8) | (uint32_t)din[7];
           ^~~~
../src/helloworld.c:84:11: error: redefinition of 'key3'
  uint32_t key3 = ((uint32_t)din[12] << 24) | ((uint32_t)din[13] << 16) | ((uint32_t)din[14] << 8) | (uint32_t)din[15];
           ^~~~
../src/helloworld.c:83:11: note: previous definition of 'key3' was here
  uint32_t key3 = ((uint32_t)din[8] << 24) | ((uint32_t)din[9] << 16) | ((uint32_t)din[10] << 8) | (uint32_t)din[11];
           ^~~~
../src/helloworld.c:86:11: error: redefinition of 'key3'
  uint32_t key3 = ((uint32_t)din[0] << 24) | ((uint32_t)din[1] << 16) | ((uint32_t)din[2] << 8) | (uint32_t)din[3];
           ^~~~
../src/helloworld.c:84:11: note: previous definition of 'key3' was here
  uint32_t key3 = ((uint32_t)din[12] << 24) | ((uint32_t)din[13] << 16) | ((uint32_t)din[14] << 8) | (uint32_t)din[15];
           ^~~~
../src/helloworld.c:87:11: error: redefinition of 'key3'
  uint32_t key3 = ((uint32_t)din[0] << 24) | ((uint32_t)din[1] << 16) | ((uint32_t)din[2] << 8) | (uint32_t)din[3];
           ^~~~
../src/helloworld.c:86:11: note: previous definition of 'key3' was here
  uint32_t key3 = ((uint32_t)din[0] << 24) | ((uint32_t)din[1] << 16) | ((uint32_t)din[2] << 8) | (uint32_t)din[3];
           ^~~~
../src/helloworld.c:88:11: error: redefinition of 'key3'
  uint32_t key3 = ((uint32_t)din[0] << 24) | ((uint32_t)din[1] << 16) | ((uint32_t)din[2] << 8) | (uint32_t)din[3];
           ^~~~
../src/helloworld.c:87:11: note: previous definition of 'key3' was here
  uint32_t key3 = ((uint32_t)din[0] << 24) | ((uint32_t)din[1] << 16) | ((uint32_t)din[2] << 8) | (uint32_t)din[3];
           ^~~~
../src/helloworld.c:89:11: error: redefinition of 'key3'
  uint32_t key3 = ((uint32_t)din[0] << 24) | ((uint32_t)din[1] << 16) | ((uint32_t)din[2] << 8) | (uint32_t)din[3];
           ^~~~
../src/helloworld.c:88:11: note: previous definition of 'key3' was here
  uint32_t key3 = ((uint32_t)din[0] << 24) | ((uint32_t)din[1] << 16) | ((uint32_t)din[2] << 8) | (uint32_t)din[3];
           ^~~~
../src/helloworld.c:91:23: error: 'key0' undeclared (first use in this function)
     Xil_Out32(IP_ADDR,key0);
                       ^~~~
../src/helloworld.c:91:23: note: each undeclared identifier is reported only once for each function it appears in
../src/helloworld.c:92:27: error: 'key1' undeclared (first use in this function)
     Xil_Out32(IP_ADDR+0x4,key1);
                           ^~~~
../src/helloworld.c:93:27: error: 'key2' undeclared (first use in this function)
     Xil_Out32(IP_ADDR+0x8,key2);
                           ^~~~
../src/helloworld.c:96:28: error: 'din0' undeclared (first use in this function)
     Xil_Out32(IP_ADDR+0x10,din0);
                            ^~~~
../src/helloworld.c:97:28: error: 'din1' undeclared (first use in this function)
     Xil_Out32(IP_ADDR+0x14,din1);
                            ^~~~
../src/helloworld.c:98:28: error: 'din2' undeclared (first use in this function)
     Xil_Out32(IP_ADDR+0x18,din2);
                            ^~~~
../src/helloworld.c:99:28: error: 'din3' undeclared (first use in this function)
     Xil_Out32(IP_ADDR+0x1c,din3);
                            ^~~~
make: *** [src/helloworld.o] Error 1
03:27:10 **** Auto Build of configuration Debug for project aes ****
make all 
'Building file: ../src/helloworld.c'
'Invoking: MicroBlaze gcc compiler'
mb-gcc -Wall -O0 -g3 -c -fmessage-length=0 -MT"src/helloworld.o" -I../../aes_bsp/microblaze_0/include -mlittle-endian -mcpu=v10.0 -mxl-soft-mul -Wl,--no-relax -ffunction-sections -fdata-sections -MMD -MP -MF"src/helloworld.d" -MT"src/helloworld.o" -o "src/helloworld.o" "../src/helloworld.c"
../src/helloworld.c: In function 'main':
../src/helloworld.c:86:11: error: redefinition of 'key3'
  uint32_t key3 = ((uint32_t)din[0] << 24) | ((uint32_t)din[1] << 16) | ((uint32_t)din[2] << 8) | (uint32_t)din[3];
           ^~~~
../src/helloworld.c:81:11: note: previous definition of 'key3' was here
  uint32_t key3 = ((uint32_t)din[0] << 24) | ((uint32_t)din[1] << 16) | ((uint32_t)din[2] << 8) | (uint32_t)din[3];
           ^~~~
../src/helloworld.c:87:11: error: redefinition of 'key3'
  uint32_t key3 = ((uint32_t)din[0] << 24) | ((uint32_t)din[1] << 16) | ((uint32_t)din[2] << 8) | (uint32_t)din[3];
           ^~~~
../src/helloworld.c:86:11: note: previous definition of 'key3' was here
  uint32_t key3 = ((uint32_t)din[0] << 24) | ((uint32_t)din[1] << 16) | ((uint32_t)din[2] << 8) | (uint32_t)din[3];
           ^~~~
../src/helloworld.c:88:11: error: redefinition of 'key3'
  uint32_t key3 = ((uint32_t)din[0] << 24) | ((uint32_t)din[1] << 16) | ((uint32_t)din[2] << 8) | (uint32_t)din[3];
           ^~~~
../src/helloworld.c:87:11: note: previous definition of 'key3' was here
  uint32_t key3 = ((uint32_t)din[0] << 24) | ((uint32_t)din[1] << 16) | ((uint32_t)din[2] << 8) | (uint32_t)din[3];
           ^~~~
../src/helloworld.c:89:11: error: redefinition of 'key3'
  uint32_t key3 = ((uint32_t)din[0] << 24) | ((uint32_t)din[1] << 16) | ((uint32_t)din[2] << 8) | (uint32_t)din[3];
           ^~~~
../src/helloworld.c:88:11: note: previous definition of 'key3' was here
  uint32_t key3 = ((uint32_t)din[0] << 24) | ((uint32_t)din[1] << 16) | ((uint32_t)din[2] << 8) | (uint32_t)din[3];
           ^~~~
../src/helloworld.c:96:28: error: 'din0' undeclared (first use in this function)
     Xil_Out32(IP_ADDR+0x10,din0);
                            ^~~~
../src/helloworld.c:96:28: note: each undeclared identifier is reported only once for each function it appears in
../src/helloworld.c:97:28: error: 'din1' undeclared (first use in this function)
     Xil_Out32(IP_ADDR+0x14,din1);
                            ^~~~
../src/helloworld.c:98:28: error: 'din2' undeclared (first use in this function)
     Xil_Out32(IP_ADDR+0x18,din2);
                            ^~~~
../src/helloworld.c:99:28: error: 'din3' undeclared (first use in this function)
     Xil_Out32(IP_ADDR+0x1c,din3);
                            ^~~~
make: *** [src/helloworld.o] Error 1
03:27:24 **** Auto Build of configuration Debug for project aes ****
make all 
'Building file: ../src/helloworld.c'
'Invoking: MicroBlaze gcc compiler'
mb-gcc -Wall -O0 -g3 -c -fmessage-length=0 -MT"src/helloworld.o" -I../../aes_bsp/microblaze_0/include -mlittle-endian -mcpu=v10.0 -mxl-soft-mul -Wl,--no-relax -ffunction-sections -fdata-sections -MMD -MP -MF"src/helloworld.d" -MT"src/helloworld.o" -o "src/helloworld.o" "../src/helloworld.c"
../src/helloworld.c: In function 'main':
../src/helloworld.c:89:11: error: redefinition of 'din1'
  uint32_t din1 = ((uint32_t)din[0] << 24) | ((uint32_t)din[1] << 16) | ((uint32_t)din[2] << 8) | (uint32_t)din[3];
           ^~~~
../src/helloworld.c:88:11: note: previous definition of 'din1' was here
  uint32_t din1 = ((uint32_t)din[0] << 24) | ((uint32_t)din[1] << 16) | ((uint32_t)din[2] << 8) | (uint32_t)din[3];
           ^~~~
../src/helloworld.c:96:28: error: 'din0' undeclared (first use in this function)
     Xil_Out32(IP_ADDR+0x10,din0);
                            ^~~~
../src/helloworld.c:96:28: note: each undeclared identifier is reported only once for each function it appears in
make: *** [src/helloworld.o] Error 1
03:27:38 **** Auto Build of configuration Debug for project aes ****
make all 
'Building file: ../src/helloworld.c'
'Invoking: MicroBlaze gcc compiler'
mb-gcc -Wall -O0 -g3 -c -fmessage-length=0 -MT"src/helloworld.o" -I../../aes_bsp/microblaze_0/include -mlittle-endian -mcpu=v10.0 -mxl-soft-mul -Wl,--no-relax -ffunction-sections -fdata-sections -MMD -MP -MF"src/helloworld.d" -MT"src/helloworld.o" -o "src/helloworld.o" "../src/helloworld.c"
../src/helloworld.c: In function 'main':
../src/helloworld.c:86:11: error: redefinition of 'key3'
  uint32_t key3 = ((uint32_t)din[0] << 24) | ((uint32_t)din[1] << 16) | ((uint32_t)din[2] << 8) | (uint32_t)din[3];
           ^~~~
../src/helloworld.c:81:11: note: previous definition of 'key3' was here
  uint32_t key3 = ((uint32_t)din[0] << 24) | ((uint32_t)din[1] << 16) | ((uint32_t)din[2] << 8) | (uint32_t)din[3];
           ^~~~
../src/helloworld.c:87:11: error: redefinition of 'key2'
  uint32_t key2 = ((uint32_t)din[4] << 24) | ((uint32_t)din[5] << 16) | ((uint32_t)din[6] << 8) | (uint32_t)din[7];
           ^~~~
../src/helloworld.c:82:11: note: previous definition of 'key2' was here
  uint32_t key2 = ((uint32_t)din[4] << 24) | ((uint32_t)din[5] << 16) | ((uint32_t)din[6] << 8) | (uint32_t)din[7];
           ^~~~
../src/helloworld.c:88:11: error: redefinition of 'key1'
  uint32_t key1 = ((uint32_t)din[8] << 24) | ((uint32_t)din[9] << 16) | ((uint32_t)din[10] << 8) | (uint32_t)din[11];
           ^~~~
../src/helloworld.c:83:11: note: previous definition of 'key1' was here
  uint32_t key1 = ((uint32_t)din[8] << 24) | ((uint32_t)din[9] << 16) | ((uint32_t)din[10] << 8) | (uint32_t)din[11];
           ^~~~
../src/helloworld.c:89:11: error: redefinition of 'key0'
  uint32_t key0 = ((uint32_t)din[12] << 24) | ((uint32_t)din[13] << 16) | ((uint32_t)din[14] << 8) | (uint32_t)din[15];
           ^~~~
../src/helloworld.c:84:11: note: previous definition of 'key0' was here
  uint32_t key0 = ((uint32_t)din[12] << 24) | ((uint32_t)din[13] << 16) | ((uint32_t)din[14] << 8) | (uint32_t)din[15];
           ^~~~
../src/helloworld.c:96:28: error: 'din0' undeclared (first use in this function)
     Xil_Out32(IP_ADDR+0x10,din0);
                            ^~~~
../src/helloworld.c:96:28: note: each undeclared identifier is reported only once for each function it appears in
../src/helloworld.c:97:28: error: 'din1' undeclared (first use in this function)
     Xil_Out32(IP_ADDR+0x14,din1);
                            ^~~~
../src/helloworld.c:98:28: error: 'din2' undeclared (first use in this function)
     Xil_Out32(IP_ADDR+0x18,din2);
                            ^~~~
../src/helloworld.c:99:28: error: 'din3' undeclared (first use in this function)
     Xil_Out32(IP_ADDR+0x1c,din3);
                            ^~~~
make: *** [src/helloworld.o] Error 1
03:28:18 **** Auto Build of configuration Debug for project aes ****
make all 
'Building file: ../src/helloworld.c'
'Invoking: MicroBlaze gcc compiler'
mb-gcc -Wall -O0 -g3 -c -fmessage-length=0 -MT"src/helloworld.o" -I../../aes_bsp/microblaze_0/include -mlittle-endian -mcpu=v10.0 -mxl-soft-mul -Wl,--no-relax -ffunction-sections -fdata-sections -MMD -MP -MF"src/helloworld.d" -MT"src/helloworld.o" -o "src/helloworld.o" "../src/helloworld.c"
'Finished building: ../src/helloworld.c'
' '
'Building target: aes.elf'
'Invoking: MicroBlaze gcc linker'
mb-gcc -Wl,-T -Wl,../src/lscript.ld -L../../aes_bsp/microblaze_0/lib -mlittle-endian -mcpu=v10.0 -mxl-soft-mul -Wl,--no-relax -Wl,--gc-sections -o "aes.elf"  ./src/helloworld.o ./src/platform.o   -Wl,--start-group,-lxil,-lgcc,-lc,--end-group
'Finished building target: aes.elf'
' '
'Invoking: MicroBlaze Print Size'
mb-size aes.elf  |tee "aes.elf.size"
   text	   data	    bss	    dec	    hex	filename
   8428	    272	   3108	  11808	   2e20	aes.elf
'Finished building: aes.elf.size'
' '
03:28:45 **** Incremental Build of configuration Debug for project aes ****
make all 
make: Nothing to be done for `all'.
03:29:06 **** Incremental Build of configuration Debug for project aes ****
make all 
make: Nothing to be done for `all'.
03:31:50 **** Auto Build of configuration Debug for project aes ****
make all 
'Building file: ../src/helloworld.c'
'Invoking: MicroBlaze gcc compiler'
mb-gcc -Wall -O0 -g3 -c -fmessage-length=0 -MT"src/helloworld.o" -I../../aes_bsp/microblaze_0/include -mlittle-endian -mcpu=v10.0 -mxl-soft-mul -Wl,--no-relax -ffunction-sections -fdata-sections -MMD -MP -MF"src/helloworld.d" -MT"src/helloworld.o" -o "src/helloworld.o" "../src/helloworld.c"
'Finished building: ../src/helloworld.c'
' '
'Building target: aes.elf'
'Invoking: MicroBlaze gcc linker'
mb-gcc -Wl,-T -Wl,../src/lscript.ld -L../../aes_bsp/microblaze_0/lib -mlittle-endian -mcpu=v10.0 -mxl-soft-mul -Wl,--no-relax -Wl,--gc-sections -o "aes.elf"  ./src/helloworld.o ./src/platform.o   -Wl,--start-group,-lxil,-lgcc,-lc,--end-group
'Finished building target: aes.elf'
' '
'Invoking: MicroBlaze Print Size'
mb-size aes.elf  |tee "aes.elf.size"
   text	   data	    bss	    dec	    hex	filename
   8424	    272	   3104	  11800	   2e18	aes.elf
'Finished building: aes.elf.size'
' '
03:31:57 **** Incremental Build of configuration Debug for project aes ****
make all 
make: Nothing to be done for `all'.
03:32:05 **** Incremental Build of configuration Debug for project aes ****
make all 
make: Nothing to be done for `all'.
03:32:49 **** Auto Build of configuration Debug for project aes ****
make all 
'Building file: ../src/helloworld.c'
'Invoking: MicroBlaze gcc compiler'
mb-gcc -Wall -O0 -g3 -c -fmessage-length=0 -MT"src/helloworld.o" -I../../aes_bsp/microblaze_0/include -mlittle-endian -mcpu=v10.0 -mxl-soft-mul -Wl,--no-relax -ffunction-sections -fdata-sections -MMD -MP -MF"src/helloworld.d" -MT"src/helloworld.o" -o "src/helloworld.o" "../src/helloworld.c"
'Finished building: ../src/helloworld.c'
' '
'Building target: aes.elf'
'Invoking: MicroBlaze gcc linker'
mb-gcc -Wl,-T -Wl,../src/lscript.ld -L../../aes_bsp/microblaze_0/lib -mlittle-endian -mcpu=v10.0 -mxl-soft-mul -Wl,--no-relax -Wl,--gc-sections -o "aes.elf"  ./src/helloworld.o ./src/platform.o   -Wl,--start-group,-lxil,-lgcc,-lc,--end-group
'Finished building target: aes.elf'
' '
'Invoking: MicroBlaze Print Size'
mb-size aes.elf  |tee "aes.elf.size"
   text	   data	    bss	    dec	    hex	filename
   8432	    272	   3104	  11808	   2e20	aes.elf
'Finished building: aes.elf.size'
' '
03:32:54 **** Incremental Build of configuration Debug for project aes ****
make all 
make: Nothing to be done for `all'.
03:33:10 **** Auto Build of configuration Debug for project aes ****
make all 
'Building file: ../src/helloworld.c'
'Invoking: MicroBlaze gcc compiler'
mb-gcc -Wall -O0 -g3 -c -fmessage-length=0 -MT"src/helloworld.o" -I../../aes_bsp/microblaze_0/include -mlittle-endian -mcpu=v10.0 -mxl-soft-mul -Wl,--no-relax -ffunction-sections -fdata-sections -MMD -MP -MF"src/helloworld.d" -MT"src/helloworld.o" -o "src/helloworld.o" "../src/helloworld.c"
'Finished building: ../src/helloworld.c'
' '
'Building target: aes.elf'
'Invoking: MicroBlaze gcc linker'
mb-gcc -Wl,-T -Wl,../src/lscript.ld -L../../aes_bsp/microblaze_0/lib -mlittle-endian -mcpu=v10.0 -mxl-soft-mul -Wl,--no-relax -Wl,--gc-sections -o "aes.elf"  ./src/helloworld.o ./src/platform.o   -Wl,--start-group,-lxil,-lgcc,-lc,--end-group
'Finished building target: aes.elf'
' '
'Invoking: MicroBlaze Print Size'
mb-size aes.elf  |tee "aes.elf.size"
   text	   data	    bss	    dec	    hex	filename
   8424	    272	   3104	  11800	   2e18	aes.elf
'Finished building: aes.elf.size'
' '
03:33:52 **** Auto Build of configuration Debug for project aes ****
make all 
'Building file: ../src/helloworld.c'
'Invoking: MicroBlaze gcc compiler'
mb-gcc -Wall -O0 -g3 -c -fmessage-length=0 -MT"src/helloworld.o" -I../../aes_bsp/microblaze_0/include -mlittle-endian -mcpu=v10.0 -mxl-soft-mul -Wl,--no-relax -ffunction-sections -fdata-sections -MMD -MP -MF"src/helloworld.d" -MT"src/helloworld.o" -o "src/helloworld.o" "../src/helloworld.c"
'Finished building: ../src/helloworld.c'
' '
'Building target: aes.elf'
'Invoking: MicroBlaze gcc linker'
mb-gcc -Wl,-T -Wl,../src/lscript.ld -L../../aes_bsp/microblaze_0/lib -mlittle-endian -mcpu=v10.0 -mxl-soft-mul -Wl,--no-relax -Wl,--gc-sections -o "aes.elf"  ./src/helloworld.o ./src/platform.o   -Wl,--start-group,-lxil,-lgcc,-lc,--end-group
'Finished building target: aes.elf'
' '
'Invoking: MicroBlaze Print Size'
mb-size aes.elf  |tee "aes.elf.size"
   text	   data	    bss	    dec	    hex	filename
   8428	    272	   3108	  11808	   2e20	aes.elf
'Finished building: aes.elf.size'
' '
03:36:11 **** Auto Build of configuration Debug for project aes ****
make all 
'Building file: ../src/helloworld.c'
'Invoking: MicroBlaze gcc compiler'
mb-gcc -Wall -O0 -g3 -c -fmessage-length=0 -MT"src/helloworld.o" -I../../aes_bsp/microblaze_0/include -mlittle-endian -mcpu=v10.0 -mxl-soft-mul -Wl,--no-relax -ffunction-sections -fdata-sections -MMD -MP -MF"src/helloworld.d" -MT"src/helloworld.o" -o "src/helloworld.o" "../src/helloworld.c"
'Finished building: ../src/helloworld.c'
' '
'Building target: aes.elf'
'Invoking: MicroBlaze gcc linker'
mb-gcc -Wl,-T -Wl,../src/lscript.ld -L../../aes_bsp/microblaze_0/lib -mlittle-endian -mcpu=v10.0 -mxl-soft-mul -Wl,--no-relax -Wl,--gc-sections -o "aes.elf"  ./src/helloworld.o ./src/platform.o   -Wl,--start-group,-lxil,-lgcc,-lc,--end-group
'Finished building target: aes.elf'
' '
'Invoking: MicroBlaze Print Size'
mb-size aes.elf  |tee "aes.elf.size"
   text	   data	    bss	    dec	    hex	filename
   8460	    272	   3108	  11840	   2e40	aes.elf
'Finished building: aes.elf.size'
' '
03:36:16 **** Incremental Build of configuration Debug for project aes ****
make all 
make: Nothing to be done for `all'.
03:36:22 **** Incremental Build of configuration Debug for project aes ****
make all 
make: Nothing to be done for `all'.
03:37:24 **** Auto Build of configuration Debug for project aes ****
make all 
'Building file: ../src/helloworld.c'
'Invoking: MicroBlaze gcc compiler'
mb-gcc -Wall -O0 -g3 -c -fmessage-length=0 -MT"src/helloworld.o" -I../../aes_bsp/microblaze_0/include -mlittle-endian -mcpu=v10.0 -mxl-soft-mul -Wl,--no-relax -ffunction-sections -fdata-sections -MMD -MP -MF"src/helloworld.d" -MT"src/helloworld.o" -o "src/helloworld.o" "../src/helloworld.c"
'Finished building: ../src/helloworld.c'
' '
'Building target: aes.elf'
'Invoking: MicroBlaze gcc linker'
mb-gcc -Wl,-T -Wl,../src/lscript.ld -L../../aes_bsp/microblaze_0/lib -mlittle-endian -mcpu=v10.0 -mxl-soft-mul -Wl,--no-relax -Wl,--gc-sections -o "aes.elf"  ./src/helloworld.o ./src/platform.o   -Wl,--start-group,-lxil,-lgcc,-lc,--end-group
'Finished building target: aes.elf'
' '
'Invoking: MicroBlaze Print Size'
mb-size aes.elf  |tee "aes.elf.size"
   text	   data	    bss	    dec	    hex	filename
   8428	    272	   3108	  11808	   2e20	aes.elf
'Finished building: aes.elf.size'
' '
03:38:50 **** Auto Build of configuration Debug for project aes ****
make all 
'Building file: ../src/helloworld.c'
'Invoking: MicroBlaze gcc compiler'
mb-gcc -Wall -O0 -g3 -c -fmessage-length=0 -MT"src/helloworld.o" -I../../aes_bsp/microblaze_0/include -mlittle-endian -mcpu=v10.0 -mxl-soft-mul -Wl,--no-relax -ffunction-sections -fdata-sections -MMD -MP -MF"src/helloworld.d" -MT"src/helloworld.o" -o "src/helloworld.o" "../src/helloworld.c"
'Finished building: ../src/helloworld.c'
' '
'Building target: aes.elf'
'Invoking: MicroBlaze gcc linker'
mb-gcc -Wl,-T -Wl,../src/lscript.ld -L../../aes_bsp/microblaze_0/lib -mlittle-endian -mcpu=v10.0 -mxl-soft-mul -Wl,--no-relax -Wl,--gc-sections -o "aes.elf"  ./src/helloworld.o ./src/platform.o   -Wl,--start-group,-lxil,-lgcc,-lc,--end-group
'Finished building target: aes.elf'
' '
'Invoking: MicroBlaze Print Size'
mb-size aes.elf  |tee "aes.elf.size"
   text	   data	    bss	    dec	    hex	filename
   8428	    272	   3108	  11808	   2e20	aes.elf
'Finished building: aes.elf.size'
' '
03:40:45 **** Auto Build of configuration Debug for project aes ****
make all 
'Building file: ../src/helloworld.c'
'Invoking: MicroBlaze gcc compiler'
[...]
../src/helloworld.c: In function 'main':
../src/helloworld.c:60:7: warning: variable 'temp' set but not used [-Wunused-but-set-variable]
  char temp;
       ^~~~
'Finished building: ../src/helloworld.c'
' '
'Building target: aes.elf'
'Invoking: MicroBlaze gcc linker'
mb-gcc -Wl,-T -Wl,../src/lscript.ld -L../../aes_bsp/microblaze_0/lib -mlittle-endian -mcpu=v10.0 -mxl-soft-mul -Wl,--no-relax -Wl,--gc-sections -o "aes.elf"  ./src/helloworld.o ./src/platform.o   -Wl,--start-group,-lxil,-lgcc,-lc,--end-group
'Finished building target: aes.elf'
' '
'Invoking: MicroBlaze Print Size'
mb-size aes.elf  |tee "aes.elf.size"
   text	   data	    bss	    dec	    hex	filename
   8440	    272	   3104	  11816	   2e28	aes.elf
'Finished building: aes.elf.size'
' '
19:37:13 **** Auto Build of configuration Debug for project aes ****
make all 
'Building file: ../src/helloworld.c'
'Invoking: MicroBlaze gcc compiler'
mb-gcc -Wall -O0 -g3 -c -fmessage-length=0 -MT"src/helloworld.o" -I../../aes_bsp/microblaze_0/include -mlittle-endian -mcpu=v10.0 -mxl-soft-mul -Wl,--no-relax -ffunction-sections -fdata-sections -MMD -MP -MF"src/helloworld.d" -MT"src/helloworld.o" -o "src/helloworld.o" "../src/helloworld.c"
../src/helloworld.c: In function 'main':
../src/helloworld.c:60:7: warning: variable 'temp' set but not used [-Wunused-but-set-variable]
  char temp;
       ^~~~
'Finished building: ../src/helloworld.c'
' '
'Building target: aes.elf'
'Invoking: MicroBlaze gcc linker'
mb-gcc -Wl,-T -Wl,../src/lscript.ld -L../../aes_bsp/microblaze_0/lib -mlittle-endian -mcpu=v10.0 -mxl-soft-mul -Wl,--no-relax -Wl,--gc-sections -o "aes.elf"  ./src/helloworld.o ./src/platform.o   -Wl,--start-group,-lxil,-lgcc,-lc,--end-group
'Finished building target: aes.elf'
' '
'Invoking: MicroBlaze Print Size'
mb-size aes.elf  |tee "aes.elf.size"
   text	   data	    bss	    dec	    hex	filename
   8408	    272	   3104	  11784	   2e08	aes.elf
'Finished building: aes.elf.size'
' '
19:37:18 **** Incremental Build of configuration Debug for project aes ****
make all 
make: Nothing to be done for `all'.
19:54:09 **** Auto Build of configuration Debug for project aes ****
make all 
'Building file: ../src/helloworld.c'
'Invoking: MicroBlaze gcc compiler'
mb-gcc -Wall -O0 -g3 -c -fmessage-length=0 -MT"src/helloworld.o" -I../../aes_bsp/microblaze_0/include -mlittle-endian -mcpu=v10.0 -mxl-soft-mul -Wl,--no-relax -ffunction-sections -fdata-sections -MMD -MP -MF"src/helloworld.d" -MT"src/helloworld.o" -o "src/helloworld.o" "../src/helloworld.c"
../src/helloworld.c: In function 'main':
../src/helloworld.c:60:7: warning: variable 'temp' set but not used [-Wunused-but-set-variable]
  char temp;
       ^~~~
'Finished building: ../src/helloworld.c'
' '
'Building target: aes.elf'
'Invoking: MicroBlaze gcc linker'
mb-gcc -Wl,-T -Wl,../src/lscript.ld -L../../aes_bsp/microblaze_0/lib -mlittle-endian -mcpu=v10.0 -mxl-soft-mul -Wl,--no-relax -Wl,--gc-sections -o "aes.elf"  ./src/helloworld.o ./src/platform.o   -Wl,--start-group,-lxil,-lgcc,-lc,--end-group
'Finished building target: aes.elf'
' '
'Invoking: MicroBlaze Print Size'
mb-size aes.elf  |tee "aes.elf.size"
   text	   data	    bss	    dec	    hex	filename
   8488	    272	   3104	  11864	   2e58	aes.elf
'Finished building: aes.elf.size'
' '
19:54:30 **** Auto Build of configuration Debug for project aes ****
make all 
'Building file: ../src/helloworld.c'
'Invoking: MicroBlaze gcc compiler'
mb-gcc -Wall -O0 -g3 -c -fmessage-length=0 -MT"src/helloworld.o" -I../../aes_bsp/microblaze_0/include -mlittle-endian -mcpu=v10.0 -mxl-soft-mul -Wl,--no-relax -ffunction-sections -fdata-sections -MMD -MP -MF"src/helloworld.d" -MT"src/helloworld.o" -o "src/helloworld.o" "../src/helloworld.c"
../src/helloworld.c: In function 'main':
../src/helloworld.c:60:7: warning: variable 'temp' set but not used [-Wunused-but-set-variable]
  char temp;
       ^~~~
'Finished building: ../src/helloworld.c'
' '
'Building target: aes.elf'
'Invoking: MicroBlaze gcc linker'
mb-gcc -Wl,-T -Wl,../src/lscript.ld -L../../aes_bsp/microblaze_0/lib -mlittle-endian -mcpu=v10.0 -mxl-soft-mul -Wl,--no-relax -Wl,--gc-sections -o "aes.elf"  ./src/helloworld.o ./src/platform.o   -Wl,--start-group,-lxil,-lgcc,-lc,--end-group
'Finished building target: aes.elf'
' '
'Invoking: MicroBlaze Print Size'
mb-size aes.elf  |tee "aes.elf.size"
   text	   data	    bss	    dec	    hex	filename
   8552	    272	   3104	  11928	   2e98	aes.elf
'Finished building: aes.elf.size'
' '
19:54:38 **** Incremental Build of configuration Debug for project aes ****
make all 
make: Nothing to be done for `all'.
19:56:40 **** Auto Build of configuration Debug for project aes ****
make all 
'Building file: ../src/helloworld.c'
'Invoking: MicroBlaze gcc compiler'
mb-gcc -Wall -O0 -g3 -c -fmessage-length=0 -MT"src/helloworld.o" -I../../aes_bsp/microblaze_0/include -mlittle-endian -mcpu=v10.0 -mxl-soft-mul -Wl,--no-relax -ffunction-sections -fdata-sections -MMD -MP -MF"src/helloworld.d" -MT"src/helloworld.o" -o "src/helloworld.o" "../src/helloworld.c"
../src/helloworld.c: In function 'main':
../src/helloworld.c:60:8: warning: variable 'temp' set but not used [-Wunused-but-set-variable]
   char temp;
        ^~~~
'Finished building: ../src/helloworld.c'
' '
'Building target: aes.elf'
'Invoking: MicroBlaze gcc linker'
mb-gcc -Wl,-T -Wl,../src/lscript.ld -L../../aes_bsp/microblaze_0/lib -mlittle-endian -mcpu=v10.0 -mxl-soft-mul -Wl,--no-relax -Wl,--gc-sections -o "aes.elf"  ./src/helloworld.o ./src/platform.o   -Wl,--start-group,-lxil,-lgcc,-lc,--end-group
'Finished building target: aes.elf'
' '
'Invoking: MicroBlaze Print Size'
mb-size aes.elf  |tee "aes.elf.size"
   text	   data	    bss	    dec	    hex	filename
   8552	    272	   3104	  11928	   2e98	aes.elf
'Finished building: aes.elf.size'
' '
19:57:16 **** Incremental Build of configuration Debug for project aes ****
make all 
make: Nothing to be done for `all'.
19:58:12 **** Auto Build of configuration Debug for project aes ****
make all 
'Building file: ../src/helloworld.c'
'Invoking: MicroBlaze gcc compiler'
mb-gcc -Wall -O0 -g3 -c -fmessage-length=0 -MT"src/helloworld.o" -I../../aes_bsp/microblaze_0/include -mlittle-endian -mcpu=v10.0 -mxl-soft-mul -Wl,--no-relax -ffunction-sections -fdata-sections -MMD -MP -MF"src/helloworld.d" -MT"src/helloworld.o" -o "src/helloworld.o" "../src/helloworld.c"
../src/helloworld.c: In function 'main':
../src/helloworld.c:60:8: warning: variable 'temp' set but not used [-Wunused-but-set-variable]
   char temp;
        ^~~~
'Finished building: ../src/helloworld.c'
' '
'Building target: aes.elf'
'Invoking: MicroBlaze gcc linker'
mb-gcc -Wl,-T -Wl,../src/lscript.ld -L../../aes_bsp/microblaze_0/lib -mlittle-endian -mcpu=v10.0 -mxl-soft-mul -Wl,--no-relax -Wl,--gc-sections -o "aes.elf"  ./src/helloworld.o ./src/platform.o   -Wl,--start-group,-lxil,-lgcc,-lc,--end-group
'Finished building target: aes.elf'
' '
'Invoking: MicroBlaze Print Size'
mb-size aes.elf  |tee "aes.elf.size"
   text	   data	    bss	    dec	    hex	filename
   8552	    272	   3104	  11928	   2e98	aes.elf
'Finished building: aes.elf.size'
' '
19:58:21 **** Incremental Build of configuration Debug for project aes ****
make all 
make: Nothing to be done for `all'.
20:10:27 **** Auto Build of configuration Debug for project aes ****
make all 
'Building file: ../src/helloworld.c'
'Invoking: MicroBlaze gcc compiler'
mb-gcc -Wall -O0 -g3 -c -fmessage-length=0 -MT"src/helloworld.o" -I../../aes_bsp/microblaze_0/include -mlittle-endian -mcpu=v10.0 -mxl-soft-mul -Wl,--no-relax -ffunction-sections -fdata-sections -MMD -MP -MF"src/helloworld.d" -MT"src/helloworld.o" -o "src/helloworld.o" "../src/helloworld.c"
../src/helloworld.c: In function 'main':
../src/helloworld.c:60:8: warning: variable 'temp' set but not used [-Wunused-but-set-variable]
   char temp;
        ^~~~
'Finished building: ../src/helloworld.c'
' '
'Building target: aes.elf'
'Invoking: MicroBlaze gcc linker'
mb-gcc -Wl,-T -Wl,../src/lscript.ld -L../../aes_bsp/microblaze_0/lib -mlittle-endian -mcpu=v10.0 -mxl-soft-mul -Wl,--no-relax -Wl,--gc-sections -o "aes.elf"  ./src/helloworld.o ./src/platform.o   -Wl,--start-group,-lxil,-lgcc,-lc,--end-group
'Finished building target: aes.elf'
' '
'Invoking: MicroBlaze Print Size'
mb-size aes.elf  |tee "aes.elf.size"
   text	   data	    bss	    dec	    hex	filename
   8548	    272	   3108	  11928	   2e98	aes.elf
'Finished building: aes.elf.size'
' '
20:10:35 **** Incremental Build of configuration Debug for project aes ****
make all 
make: Nothing to be done for `all'.
20:16:27 **** Auto Build of configuration Debug for project aes ****
make all 
'Building file: ../src/helloworld.c'
'Invoking: MicroBlaze gcc compiler'
mb-gcc -Wall -O0 -g3 -c -fmessage-length=0 -MT"src/helloworld.o" -I../../aes_bsp/microblaze_0/include -mlittle-endian -mcpu=v10.0 -mxl-soft-mul -Wl,--no-relax -ffunction-sections -fdata-sections -MMD -MP -MF"src/helloworld.d" -MT"src/helloworld.o" -o "src/helloworld.o" "../src/helloworld.c"
../src/helloworld.c: In function 'main':
../src/helloworld.c:147:3: error: expected ';' before 'xil_printf'
   xil_printf("Dout:%08x%08x%08x%08x\n\r",dout3,dout2,dout1,dout0);
   ^~~~~~~~~~
../src/helloworld.c:60:8: warning: variable 'temp' set but not used [-Wunused-but-set-variable]
   char temp;
        ^~~~
../src/helloworld.c:59:30: warning: variable 'dout3' set but not used [-Wunused-but-set-variable]
   uint32_t dout0,dout1,dout2,dout3;
                              ^~~~~
../src/helloworld.c:59:24: warning: variable 'dout2' set but not used [-Wunused-but-set-variable]
   uint32_t dout0,dout1,dout2,dout3;
                        ^~~~~
../src/helloworld.c:59:18: warning: variable 'dout1' set but not used [-Wunused-but-set-variable]
   uint32_t dout0,dout1,dout2,dout3;
                  ^~~~~
../src/helloworld.c:59:12: warning: variable 'dout0' set but not used [-Wunused-but-set-variable]
   uint32_t dout0,dout1,dout2,dout3;
            ^~~~~
make: *** [src/helloworld.o] Error 1
20:16:33 **** Auto Build of configuration Debug for project aes ****
make all 
'Building file: ../src/helloworld.c'
'Invoking: MicroBlaze gcc compiler'
mb-gcc -Wall -O0 -g3 -c -fmessage-length=0 -MT"src/helloworld.o" -I../../aes_bsp/microblaze_0/include -mlittle-endian -mcpu=v10.0 -mxl-soft-mul -Wl,--no-relax -ffunction-sections -fdata-sections -MMD -MP -MF"src/helloworld.d" -MT"src/helloworld.o" -o "src/helloworld.o" "../src/helloworld.c"
../src/helloworld.c: In function 'main':
../src/helloworld.c:147:3: error: expected ';' before 'xil_printf'
   xil_printf("Dout:%08x%08x%08x%08x\n\r",dout3,dout2,dout1,dout0);
   ^~~~~~~~~~
../src/helloworld.c:60:8: warning: variable 'temp' set but not used [-Wunused-but-set-variable]
   char temp;
        ^~~~
../src/helloworld.c:59:30: warning: variable 'dout3' set but not used [-Wunused-but-set-variable]
   uint32_t dout0,dout1,dout2,dout3;
                              ^~~~~
../src/helloworld.c:59:24: warning: variable 'dout2' set but not used [-Wunused-but-set-variable]
   uint32_t dout0,dout1,dout2,dout3;
                        ^~~~~
../src/helloworld.c:59:18: warning: variable 'dout1' set but not used [-Wunused-but-set-variable]
   uint32_t dout0,dout1,dout2,dout3;
                  ^~~~~
../src/helloworld.c:59:12: warning: variable 'dout0' set but not used [-Wunused-but-set-variable]
   uint32_t dout0,dout1,dout2,dout3;
            ^~~~~
make: *** [src/helloworld.o] Error 1
20:16:34 **** Auto Build of configuration Debug for project aes ****
make all 
'Building file: ../src/helloworld.c'
'Invoking: MicroBlaze gcc compiler'
mb-gcc -Wall -O0 -g3 -c -fmessage-length=0 -MT"src/helloworld.o" -I../../aes_bsp/microblaze_0/include -mlittle-endian -mcpu=v10.0 -mxl-soft-mul -Wl,--no-relax -ffunction-sections -fdata-sections -MMD -MP -MF"src/helloworld.d" -MT"src/helloworld.o" -o "src/helloworld.o" "../src/helloworld.c"
../src/helloworld.c: In function 'main':
../src/helloworld.c:60:8: warning: variable 'temp' set but not used [-Wunused-but-set-variable]
   char temp;
        ^~~~
'Finished building: ../src/helloworld.c'
' '
'Building target: aes.elf'
'Invoking: MicroBlaze gcc linker'
mb-gcc -Wl,-T -Wl,../src/lscript.ld -L../../aes_bsp/microblaze_0/lib -mlittle-endian -mcpu=v10.0 -mxl-soft-mul -Wl,--no-relax -Wl,--gc-sections -o "aes.elf"  ./src/helloworld.o ./src/platform.o   -Wl,--start-group,-lxil,-lgcc,-lc,--end-group
'Finished building target: aes.elf'
' '
'Invoking: MicroBlaze Print Size'
mb-size aes.elf  |tee "aes.elf.size"
   text	   data	    bss	    dec	    hex	filename
   8556	    272	   3108	  11936	   2ea0	aes.elf
'Finished building: aes.elf.size'
' '
20:16:41 **** Incremental Build of configuration Debug for project aes ****
make all 
make: Nothing to be done for `all'.
20:16:57 **** Auto Build of configuration Debug for project aes ****
make all 
'Building file: ../src/helloworld.c'
'Invoking: MicroBlaze gcc compiler'
mb-gcc -Wall -O0 -g3 -c -fmessage-length=0 -MT"src/helloworld.o" -I../../aes_bsp/microblaze_0/include -mlittle-endian -mcpu=v10.0 -mxl-soft-mul -Wl,--no-relax -ffunction-sections -fdata-sections -MMD -MP -MF"src/helloworld.d" -MT"src/helloworld.o" -o "src/helloworld.o" "../src/helloworld.c"
../src/helloworld.c: In function 'main':
../src/helloworld.c:60:8: warning: variable 'temp' set but not used [-Wunused-but-set-variable]
   char temp;
        ^~~~
'Finished building: ../src/helloworld.c'
' '
'Building target: aes.elf'
'Invoking: MicroBlaze gcc linker'
mb-gcc -Wl,-T -Wl,../src/lscript.ld -L../../aes_bsp/microblaze_0/lib -mlittle-endian -mcpu=v10.0 -mxl-soft-mul -Wl,--no-relax -Wl,--gc-sections -o "aes.elf"  ./src/helloworld.o ./src/platform.o   -Wl,--start-group,-lxil,-lgcc,-lc,--end-group
'Finished building target: aes.elf'
' '
'Invoking: MicroBlaze Print Size'
mb-size aes.elf  |tee "aes.elf.size"
   text	   data	    bss	    dec	    hex	filename
   8548	    272	   3108	  11928	   2e98	aes.elf
'Finished building: aes.elf.size'
' '
20:17:03 **** Incremental Build of configuration Debug for project aes ****
make all 
make: Nothing to be done for `all'.
04:11:56 **** Incremental Build of configuration Debug for project aes ****
make all 
make: Nothing to be done for `all'.
01:25:02 **** Incremental Build of configuration Debug for project aes ****
make all 
make: Nothing to be done for `all'.
01:25:20 **** Incremental Build of configuration Debug for project aes ****
make all 
make: Nothing to be done for `all'.
01:32:44 **** Incremental Build of configuration Debug for project aes ****
make all 
make: Nothing to be done for `all'.
01:47:42 **** Auto Build of configuration Debug for project aes ****
make all 
'Building file: ../src/helloworld.c'
'Invoking: MicroBlaze gcc compiler'
mb-gcc -Wall -O0 -g3 -c -fmessage-length=0 -MT"src/helloworld.o" -I../../aes_bsp/microblaze_0/include -mlittle-endian -mcpu=v10.0 -mxl-soft-mul -Wl,--no-relax -ffunction-sections -fdata-sections -MMD -MP -MF"src/helloworld.d" -MT"src/helloworld.o" -o "src/helloworld.o" "../src/helloworld.c"
../src/helloworld.c: In function 'main':
../src/helloworld.c:60:8: warning: variable 'temp' set but not used [-Wunused-but-set-variable]
   char temp;
        ^~~~
'Finished building: ../src/helloworld.c'
' '
'Building target: aes.elf'
'Invoking: MicroBlaze gcc linker'
mb-gcc -Wl,-T -Wl,../src/lscript.ld -L../../aes_bsp/microblaze_0/lib -mlittle-endian -mcpu=v10.0 -mxl-soft-mul -Wl,--no-relax -Wl,--gc-sections -o "aes.elf"  ./src/helloworld.o ./src/platform.o   -Wl,--start-group,-lxil,-lgcc,-lc,--end-group
'Finished building target: aes.elf'
' '
'Invoking: MicroBlaze Print Size'
mb-size aes.elf  |tee "aes.elf.size"
   text	   data	    bss	    dec	    hex	filename
   8488	    272	   3104	  11864	   2e58	aes.elf
'Finished building: aes.elf.size'
' '
01:48:36 **** Auto Build of configuration Debug for project aes ****
make all 
'Building file: ../src/helloworld.c'
'Invoking: MicroBlaze gcc compiler'
mb-gcc -Wall -O0 -g3 -c -fmessage-length=0 -MT"src/helloworld.o" -I../../aes_bsp/microblaze_0/include -mlittle-endian -mcpu=v10.0 -mxl-soft-mul -Wl,--no-relax -ffunction-sections -fdata-sections -MMD -MP -MF"src/helloworld.d" -MT"src/helloworld.o" -o "src/helloworld.o" "../src/helloworld.c"
../src/helloworld.c: In function 'main':
../src/helloworld.c:60:8: warning: variable 'temp' set but not used [-Wunused-but-set-variable]
   char temp;
        ^~~~
'Finished building: ../src/helloworld.c'
' '
'Building target: aes.elf'
'Invoking: MicroBlaze gcc linker'
mb-gcc -Wl,-T -Wl,../src/lscript.ld -L../../aes_bsp/microblaze_0/lib -mlittle-endian -mcpu=v10.0 -mxl-soft-mul -Wl,--no-relax -Wl,--gc-sections -o "aes.elf"  ./src/helloworld.o ./src/platform.o   -Wl,--start-group,-lxil,-lgcc,-lc,--end-group
'Finished building target: aes.elf'
' '
'Invoking: MicroBlaze Print Size'
mb-size aes.elf  |tee "aes.elf.size"
   text	   data	    bss	    dec	    hex	filename
   8452	    272	   3108	  11832	   2e38	aes.elf
'Finished building: aes.elf.size'
' '
01:48:41 **** Auto Build of configuration Debug for project aes ****
make all 
'Building file: ../src/helloworld.c'
'Invoking: MicroBlaze gcc compiler'
mb-gcc -Wall -O0 -g3 -c -fmessage-length=0 -MT"src/helloworld.o" -I../../aes_bsp/microblaze_0/include -mlittle-endian -mcpu=v10.0 -mxl-soft-mul -Wl,--no-relax -ffunction-sections -fdata-sections -MMD -MP -MF"src/helloworld.d" -MT"src/helloworld.o" -o "src/helloworld.o" "../src/helloworld.c"
../src/helloworld.c: In function 'main':
../src/helloworld.c:60:8: warning: variable 'temp' set but not used [-Wunused-but-set-variable]
   char temp;
        ^~~~
'Finished building: ../src/helloworld.c'
' '
'Building target: aes.elf'
'Invoking: MicroBlaze gcc linker'
mb-gcc -Wl,-T -Wl,../src/lscript.ld -L../../aes_bsp/microblaze_0/lib -mlittle-endian -mcpu=v10.0 -mxl-soft-mul -Wl,--no-relax -Wl,--gc-sections -o "aes.elf"  ./src/helloworld.o ./src/platform.o   -Wl,--start-group,-lxil,-lgcc,-lc,--end-group
'Finished building target: aes.elf'
' '
'Invoking: MicroBlaze Print Size'
mb-size aes.elf  |tee "aes.elf.size"
   text	   data	    bss	    dec	    hex	filename
   8428	    272	   3108	  11808	   2e20	aes.elf
'Finished building: aes.elf.size'
' '
01:49:48 **** Incremental Build of configuration Debug for project aes ****
make all 
make: Nothing to be done for `all'.
01:51:07 **** Auto Build of configuration Debug for project aes ****
make all 
'Building file: ../src/helloworld.c'
'Invoking: MicroBlaze gcc compiler'
mb-gcc -Wall -O0 -g3 -c -fmessage-length=0 -MT"src/helloworld.o" -I../../aes_bsp/microblaze_0/include -mlittle-endian -mcpu=v10.0 -mxl-soft-mul -Wl,--no-relax -ffunction-sections -fdata-sections -MMD -MP -MF"src/helloworld.d" -MT"src/helloworld.o" -o "src/helloworld.o" "../src/helloworld.c"
../src/helloworld.c: In function 'main':
../src/helloworld.c:60:8: warning: variable 'temp' set but not used [-Wunused-but-set-variable]
   char temp;
        ^~~~
'Finished building: ../src/helloworld.c'
' '
'Building target: aes.elf'
'Invoking: MicroBlaze gcc linker'
mb-gcc -Wl,-T -Wl,../src/lscript.ld -L../../aes_bsp/microblaze_0/lib -mlittle-endian -mcpu=v10.0 -mxl-soft-mul -Wl,--no-relax -Wl,--gc-sections -o "aes.elf"  ./src/helloworld.o ./src/platform.o   -Wl,--start-group,-lxil,-lgcc,-lc,--end-group
'Finished building target: aes.elf'
' '
'Invoking: MicroBlaze Print Size'
mb-size aes.elf  |tee "aes.elf.size"
   text	   data	    bss	    dec	    hex	filename
   8428	    272	   3108	  11808	   2e20	aes.elf
'Finished building: aes.elf.size'
' '
01:51:33 **** Incremental Build of configuration Debug for project aes ****
make all 
make: Nothing to be done for `all'.
02:09:18 **** Incremental Build of configuration Debug for project aes ****
make all 
make: Nothing to be done for `all'.
09:14:49 **** Incremental Build of configuration Debug for project aes ****
make all 
make: Nothing to be done for `all'.
